Archive member included to satisfy reference by file (symbol)

e:/nxp/s32ds_arm_v2.2/s32ds/build_tools/gcc_v6.3/gcc-6.3-arm32-eabi/bin/../lib/gcc/arm-none-eabi/6.3.1/thumb/v7e-m/fpv4-sp/hard\libgcc.a(_aeabi_uldivmod.o)
                              ./SDK/platform/drivers/src/lptmr/lptmr_driver.o (__aeabi_uldivmod)
e:/nxp/s32ds_arm_v2.2/s32ds/build_tools/gcc_v6.3/gcc-6.3-arm32-eabi/bin/../lib/gcc/arm-none-eabi/6.3.1/thumb/v7e-m/fpv4-sp/hard\libgcc.a(_udivmoddi4.o)
                              e:/nxp/s32ds_arm_v2.2/s32ds/build_tools/gcc_v6.3/gcc-6.3-arm32-eabi/bin/../lib/gcc/arm-none-eabi/6.3.1/thumb/v7e-m/fpv4-sp/hard\libgcc.a(_aeabi_uldivmod.o) (__udivmoddi4)
e:/nxp/s32ds_arm_v2.2/s32ds/build_tools/gcc_v6.3/gcc-6.3-arm32-eabi/bin/../lib/gcc/arm-none-eabi/6.3.1/thumb/v7e-m/fpv4-sp/hard\libgcc.a(_dvmd_tls.o)
                              e:/nxp/s32ds_arm_v2.2/s32ds/build_tools/gcc_v6.3/gcc-6.3-arm32-eabi/bin/../lib/gcc/arm-none-eabi/6.3.1/thumb/v7e-m/fpv4-sp/hard\libgcc.a(_aeabi_uldivmod.o) (__aeabi_ldiv0)
E:/NXP/S32DS_ARM_v2.2/S32DS/build_tools/gcc_v6.3/gcc-6.3-arm32-eabi/arm-none-eabi/newlib/lib/thumb/v7e-m/fpv4-sp/hard\libc_nano.a(lib_a-exit.o)
                              E:/NXP/S32DS_ARM_v2.2/S32DS/build_tools/gcc_v6.3/gcc-6.3-arm32-eabi/arm-none-eabi/newlib/lib/thumb/v7e-m/fpv4-sp/hard/crt0.o (exit)
E:/NXP/S32DS_ARM_v2.2/S32DS/build_tools/gcc_v6.3/gcc-6.3-arm32-eabi/arm-none-eabi/newlib/lib/thumb/v7e-m/fpv4-sp/hard\libc_nano.a(lib_a-impure.o)
                              E:/NXP/S32DS_ARM_v2.2/S32DS/build_tools/gcc_v6.3/gcc-6.3-arm32-eabi/arm-none-eabi/newlib/lib/thumb/v7e-m/fpv4-sp/hard\libc_nano.a(lib_a-exit.o) (_global_impure_ptr)
E:/NXP/S32DS_ARM_v2.2/S32DS/build_tools/gcc_v6.3/gcc-6.3-arm32-eabi/arm-none-eabi/newlib/lib/thumb/v7e-m/fpv4-sp/hard\libc_nano.a(lib_a-init.o)
                              E:/NXP/S32DS_ARM_v2.2/S32DS/build_tools/gcc_v6.3/gcc-6.3-arm32-eabi/arm-none-eabi/newlib/lib/thumb/v7e-m/fpv4-sp/hard/crt0.o (__libc_init_array)
E:/NXP/S32DS_ARM_v2.2/S32DS/build_tools/gcc_v6.3/gcc-6.3-arm32-eabi/arm-none-eabi/newlib/lib/thumb/v7e-m/fpv4-sp/hard\libc_nano.a(lib_a-memset.o)
                              E:/NXP/S32DS_ARM_v2.2/S32DS/build_tools/gcc_v6.3/gcc-6.3-arm32-eabi/arm-none-eabi/newlib/lib/thumb/v7e-m/fpv4-sp/hard/crt0.o (memset)
E:/NXP/S32DS_ARM_v2.2/S32DS/build_tools/gcc_v6.3/gcc-6.3-arm32-eabi/arm-none-eabi/newlib/lib/thumb/v7e-m/fpv4-sp/hard\libc_nano.a(lib_a-nano-vfprintf_float.o)
                              (_printf_float)
E:/NXP/S32DS_ARM_v2.2/S32DS/build_tools/gcc_v6.3/gcc-6.3-arm32-eabi/arm-none-eabi/newlib/lib/thumb/v7e-m/fpv4-sp/hard\libc_nano.a(lib_a-nano-vfprintf_i.o)
                              E:/NXP/S32DS_ARM_v2.2/S32DS/build_tools/gcc_v6.3/gcc-6.3-arm32-eabi/arm-none-eabi/newlib/lib/thumb/v7e-m/fpv4-sp/hard\libc_nano.a(lib_a-nano-vfprintf_float.o) (_printf_common)
E:/NXP/S32DS_ARM_v2.2/S32DS/build_tools/gcc_v6.3/gcc-6.3-arm32-eabi/arm-none-eabi/newlib/lib/thumb/v7e-m/fpv4-sp/hard\libc_nano.a(lib_a-nano-vfscanf_float.o)
                              (_scanf_float)
E:/NXP/S32DS_ARM_v2.2/S32DS/build_tools/gcc_v6.3/gcc-6.3-arm32-eabi/arm-none-eabi/newlib/lib/thumb/v7e-m/fpv4-sp/hard\libc_nano.a(lib_a-sf_nan.o)
                              E:/NXP/S32DS_ARM_v2.2/S32DS/build_tools/gcc_v6.3/gcc-6.3-arm32-eabi/arm-none-eabi/newlib/lib/thumb/v7e-m/fpv4-sp/hard\libc_nano.a(lib_a-nano-vfscanf_float.o) (nanf)
E:/NXP/S32DS_ARM_v2.2/S32DS/build_tools/gcc_v6.3/gcc-6.3-arm32-eabi/arm-none-eabi/newlib/lib/thumb/v7e-m/fpv4-sp/hard\libc_nano.a(lib_a-sprintf.o)
                              E:/NXP/S32DS_ARM_v2.2/S32DS/build_tools/gcc_v6.3/gcc-6.3-arm32-eabi/arm-none-eabi/newlib/lib/thumb/v7e-m/fpv4-sp/hard\libc_nano.a(lib_a-nano-vfscanf_float.o) (sprintf)
E:/NXP/S32DS_ARM_v2.2/S32DS/build_tools/gcc_v6.3/gcc-6.3-arm32-eabi/arm-none-eabi/newlib/lib/thumb/v7e-m/fpv4-sp/hard\libc_nano.a(lib_a-strlen.o)
                              ./Sources/HardwareLib/LPUART.o (strlen)
E:/NXP/S32DS_ARM_v2.2/S32DS/build_tools/gcc_v6.3/gcc-6.3-arm32-eabi/arm-none-eabi/newlib/lib/thumb/v7e-m/fpv4-sp/hard\libc_nano.a(lib_a-strtod.o)
                              E:/NXP/S32DS_ARM_v2.2/S32DS/build_tools/gcc_v6.3/gcc-6.3-arm32-eabi/arm-none-eabi/newlib/lib/thumb/v7e-m/fpv4-sp/hard\libc_nano.a(lib_a-nano-vfscanf_float.o) (_strtod_r)
E:/NXP/S32DS_ARM_v2.2/S32DS/build_tools/gcc_v6.3/gcc-6.3-arm32-eabi/arm-none-eabi/newlib/lib/thumb/v7e-m/fpv4-sp/hard\libc_nano.a(lib_a-strtol.o)
                              E:/NXP/S32DS_ARM_v2.2/S32DS/build_tools/gcc_v6.3/gcc-6.3-arm32-eabi/arm-none-eabi/newlib/lib/thumb/v7e-m/fpv4-sp/hard\libc_nano.a(lib_a-nano-vfscanf_float.o) (_strtol_r)
E:/NXP/S32DS_ARM_v2.2/S32DS/build_tools/gcc_v6.3/gcc-6.3-arm32-eabi/arm-none-eabi/newlib/lib/thumb/v7e-m/fpv4-sp/hard\libc_nano.a(lib_a-vsprintf.o)
                              ./Sources/HardwareLib/LPUART.o (vsprintf)
[...]
Memory Configuration

Name             Origin             Length             Attributes
m_interrupts     0x00009000         0x00000400         xr
m_flash_config   0x00009400         0x00000010         xr
m_text           0x00009410         0x0003fbf0         xr
m_data           0x1fff8000         0x00008000         rw
m_data_2         0x20000000         0x00007000         rw
*default*        0x00000000         0xffffffff

Linker script and memory map

LOAD e:/nxp/s32ds_arm_v2.2/s32ds/build_tools/gcc_v6.3/gcc-6.3-arm32-eabi/bin/../lib/gcc/arm-none-eabi/6.3.1/thumb/v7e-m/fpv4-sp/hard/crti.o
LOAD e:/nxp/s32ds_arm_v2.2/s32ds/build_tools/gcc_v6.3/gcc-6.3-arm32-eabi/bin/../lib/gcc/arm-none-eabi/6.3.1/thumb/v7e-m/fpv4-sp/hard/crtbegin.o
LOAD E:/NXP/S32DS_ARM_v2.2/S32DS/build_tools/gcc_v6.3/gcc-6.3-arm32-eabi/arm-none-eabi/newlib/lib/thumb/v7e-m/fpv4-sp/hard/crt0.o
LOAD ./Generated_Code/Cpu.o
LOAD ./Generated_Code/clockMan1.o
LOAD ./Generated_Code/dmaController1.o
LOAD ./Generated_Code/pin_mux.o
LOAD ./Project_Settings/Startup_Code/startup_S32K144.o
LOAD ./SDK/platform/devices/S32K144/startup/system_S32K144.o
LOAD ./SDK/platform/devices/startup.o
LOAD ./SDK/platform/drivers/src/clock/S32K1xx/clock_S32K1xx.o
LOAD ./SDK/platform/drivers/src/edma/edma_driver.o
LOAD ./SDK/platform/drivers/src/edma/edma_hw_access.o
LOAD ./SDK/platform/drivers/src/edma/edma_irq.o
LOAD ./SDK/platform/drivers/src/interrupt/interrupt_manager.o
LOAD ./SDK/platform/drivers/src/lptmr/lptmr_driver.o
LOAD ./SDK/platform/drivers/src/lptmr/lptmr_hw_access.o
LOAD ./SDK/platform/drivers/src/pins/pins_driver.o
LOAD ./SDK/platform/drivers/src/pins/pins_port_hw_access.o
LOAD ./SDK/rtos/osif/osif_baremetal.o
LOAD ./Sources/HardwareLib/GPIO_init.o
LOAD ./Sources/HardwareLib/IIC_IO.o
LOAD ./Sources/HardwareLib/LPSPI.o
LOAD ./Sources/HardwareLib/LPSPI_oled.o
LOAD ./Sources/HardwareLib/LPTMR.o
LOAD ./Sources/HardwareLib/LPUART.o
LOAD ./Sources/HardwareLib/LP_I2C_oled.o
LOAD ./Sources/HardwareLib/LP_IT_timer.o
LOAD ./Sources/HardwareLib/OLED_FONT.o
LOAD ./Sources/HardwareLib/OLED_IO.o
LOAD ./Sources/HardwareLib/RGB_LED.o
LOAD ./Sources/HardwareLib/SPI_OLED.o
LOAD ./Sources/HardwareLib/UART_IO.o
LOAD ./Sources/HardwareLib/clocks_and_modes.o
LOAD ./Sources/HardwareLib/latency.o
LOAD ./Sources/main.o
START GROUP
LOAD e:/nxp/s32ds_arm_v2.2/s32ds/build_tools/gcc_v6.3/gcc-6.3-arm32-eabi/bin/../lib/gcc/arm-none-eabi/6.3.1/thumb/v7e-m/fpv4-sp/hard\libgcc.a
LOAD E:/NXP/S32DS_ARM_v2.2/S32DS/build_tools/gcc_v6.3/gcc-6.3-arm32-eabi/arm-none-eabi/newlib/lib/thumb/v7e-m/fpv4-sp/hard\libc_nano.a
END GROUP
START GROUP
LOAD e:/nxp/s32ds_arm_v2.2/s32ds/build_tools/gcc_v6.3/gcc-6.3-arm32-eabi/bin/../lib/gcc/arm-none-eabi/6.3.1/thumb/v7e-m/fpv4-sp/hard\libgcc.a
LOAD E:/NXP/S32DS_ARM_v2.2/S32DS/build_tools/gcc_v6.3/gcc-6.3-arm32-eabi/arm-none-eabi/newlib/lib/thumb/v7e-m/fpv4-sp/hard\libc_nano.a
LOAD E:/NXP/S32DS_ARM_v2.2/S32DS/build_tools/gcc_v6.3/gcc-6.3-arm32-eabi/arm-none-eabi/newlib/lib/thumb/v7e-m/fpv4-sp/hard\libnosys.a
END GROUP
START GROUP
LOAD e:/nxp/s32ds_arm_v2.2/s32ds/build_tools/gcc_v6.3/gcc-6.3-arm32-eabi/bin/../lib/gcc/arm-none-eabi/6.3.1/thumb/v7e-m/fpv4-sp/hard\libgcc.a
LOAD E:/NXP/S32DS_ARM_v2.2/S32DS/build_tools/gcc_v6.3/gcc-6.3-arm32-eabi/arm-none-eabi/newlib/lib/thumb/v7e-m/fpv4-sp/hard\libc_nano.a
LOAD E:/NXP/S32DS_ARM_v2.2/S32DS/build_tools/gcc_v6.3/gcc-6.3-arm32-eabi/arm-none-eabi/newlib/lib/thumb/v7e-m/fpv4-sp/hard\libnosys.a
END GROUP
LOAD e:/nxp/s32ds_arm_v2.2/s32ds/build_tools/gcc_v6.3/gcc-6.3-arm32-eabi/bin/../lib/gcc/arm-none-eabi/6.3.1/thumb/v7e-m/fpv4-sp/hard/crtend.o
LOAD e:/nxp/s32ds_arm_v2.2/s32ds/build_tools/gcc_v6.3/gcc-6.3-arm32-eabi/bin/../lib/gcc/arm-none-eabi/6.3.1/thumb/v7e-m/fpv4-sp/hard/crtn.o
                0x00000400                HEAP_SIZE = DEFINED (__heap_size__)?__heap_size__:0x400
                0x00000400                STACK_SIZE = DEFINED (__stack_size__)?__stack_size__:0x400
                0x00000400                M_VECTOR_RAM_SIZE = DEFINED (__flash_vector_table__)?0x0:0x400

.interrupts     0x00009000      0x400
                0x00009000                __VECTOR_TABLE = .
                0x00009000                __interrupts_start__ = .
                0x00009000                . = ALIGN (0x4)
 *(.isr_vector)
 .isr_vector    0x00009000      0x400 ./Project_Settings/Startup_Code/startup_S32K144.o
                0x00009000                __isr_vector
                0x00009400                __interrupts_end__ = .
                0x00009400                . = ALIGN (0x4)

.flash_config   0x00009400       0x10
                0x00009400                . = ALIGN (0x4)
 *(.FlashConfig)
 .FlashConfig   0x00009400       0x10 ./Project_Settings/Startup_Code/startup_S32K144.o
                0x00009410                . = ALIGN (0x4)

.text           0x00009410     0x9ba0
                0x00009410                . = ALIGN (0x4)
 *(.text)
 .text          0x00009410       0x4c ./Project_Settings/Startup_Code/startup_S32K144.o
                0x00009410                Reset_Handler
                0x00009458                DebugMon_Handler
                0x00009458                Reserved88_IRQHandler
                0x00009458                CAN0_ORed_IRQHandler
                0x00009458                HardFault_Handler
                0x00009458                Reserved86_IRQHandler
                0x00009458                Reserved103_IRQHandler
                0x00009458                FTM2_Ovf_Reload_IRQHandler
                0x00009458                Reserved50_IRQHandler
                0x00009458                FTFC_Fault_IRQHandler
                0x00009458                FTM0_Ch6_Ch7_IRQHandler
                0x00009458                Reserved114_IRQHandler
                0x00009458                PendSV_Handler
                0x00009458                NMI_Handler
                0x00009458                Reserved89_IRQHandler
                0x00009458                ERM_double_fault_IRQHandler
                0x00009458                Reserved59_IRQHandler
                0x00009458                Reserved99_IRQHandler
                0x00009458                FTM3_Ch6_Ch7_IRQHandler
                0x00009458                CAN2_ORed_0_15_MB_IRQHandler
                0x00009458                LPIT0_Ch3_IRQHandler
                0x00009458                Reserved92_IRQHandler
                0x00009458                FTM0_Ch4_Ch5_IRQHandler
                0x00009458                CAN1_Error_IRQHandler
                0x00009458                FTM3_Ch0_Ch1_IRQHandler
                0x00009458                SWI_IRQHandler
                0x00009458                ADC0_IRQHandler
                0x00009458                FTM2_Ch4_Ch5_IRQHandler
                0x00009458                UsageFault_Handler
                0x00009458                FTM0_Ovf_Reload_IRQHandler
                0x00009458                DefaultISR
                0x00009458                Reserved58_IRQHandler
                0x00009458                CAN1_ORed_0_15_MB_IRQHandler
                0x00009458                FTM1_Ch2_Ch3_IRQHandler
                0x00009458                Reserved82_IRQHandler
                0x00009458                CAN0_ORed_16_31_MB_IRQHandler
                0x00009458                LPI2C0_Slave_IRQHandler
                0x00009458                Reserved71_IRQHandler
                0x00009458                Reserved69_IRQHandler
                0x00009458                Reserved70_IRQHandler
                0x00009458                ADC1_IRQHandler
                0x00009458                FTM2_Ch2_Ch3_IRQHandler
                0x00009458                Reserved53_IRQHandler
                0x00009458                RTC_IRQHandler
                0x00009458                PDB0_IRQHandler
                0x00009458                Reserved54_IRQHandler
                0x00009458                FTM2_Ch6_Ch7_IRQHandler
                0x00009458                FTM3_Ch2_Ch3_IRQHandler
                0x00009458                FTM2_Ch0_Ch1_IRQHandler
                0x00009458                LPSPI1_IRQHandler
                0x00009458                RTC_Seconds_IRQHandler
                0x00009458                CAN2_ORed_IRQHandler
                0x00009458                Reserved72_IRQHandler
                0x00009458                Reserved110_IRQHandler
                0x00009458                Reserved107_IRQHandler
                0x00009458                Read_Collision_IRQHandler
                0x00009458                CAN2_Error_IRQHandler
                0x00009458                FTFC_IRQHandler
                0x00009458                FTM1_Ch6_Ch7_IRQHandler
                0x00009458                Reserved105_IRQHandler
                0x00009458                LPIT0_Ch1_IRQHandler
                0x00009458                FTM1_Ch4_Ch5_IRQHandler
                0x00009458                FTM3_Ovf_Reload_IRQHandler
                0x00009458                LPUART2_RxTx_IRQHandler
                0x00009458                LPSPI0_IRQHandler
                0x00009458                WDOG_EWM_IRQHandler
                0x00009458                MemManage_Handler
                0x00009458                Reserved90_IRQHandler
                0x00009458                Reserved83_IRQHandler
                0x00009458                FTM0_Fault_IRQHandler
                0x00009458                Reserved48_IRQHandler
                0x00009458                SVC_Handler
                0x00009458                ERM_single_fault_IRQHandler
                0x00009458                FTM2_Fault_IRQHandler
                0x00009458                FTM0_Ch2_Ch3_IRQHandler
                0x00009458                FTM0_Ch0_Ch1_IRQHandler
                0x00009458                FTM3_Fault_IRQHandler
                0x00009458                RCM_IRQHandler
                0x00009458                Reserved100_IRQHandler
                0x00009458                Reserved91_IRQHandler
                0x00009458                CAN1_ORed_IRQHandler
                0x00009458                SCG_IRQHandler
                0x00009458                PDB1_IRQHandler
                0x00009458                Reserved81_IRQHandler
                0x00009458                Reserved46_IRQHandler
                0x00009458                Reserved45_IRQHandler
                0x00009458                CAN0_Error_IRQHandler
                0x00009458                Reserved112_IRQHandler
                0x00009458                LPI2C0_Master_IRQHandler
                0x00009458                FTM1_Fault_IRQHandler
                0x00009458                Reserved106_IRQHandler
                0x00009458                LVD_LVW_IRQHandler
                0x00009458                LPIT0_Ch2_IRQHandler
                0x00009458                MCM_IRQHandler
                0x00009458                LPSPI2_IRQHandler
                0x00009458                FTM3_Ch4_Ch5_IRQHandler
                0x00009458                CAN0_ORed_0_15_MB_IRQHandler
                0x00009458                LPUART0_RxTx_IRQHandler
                0x00009458                BusFault_Handler
                0x00009458                Reserved87_IRQHandler
                0x00009458                FTM1_Ovf_Reload_IRQHandler
                0x00009458                Reserved93_IRQHandler
                0x00009458                CAN0_Wake_Up_IRQHandler
                0x00009458                CMP0_IRQHandler
                0x00009458                Reserved52_IRQHandler
                0x00009458                FTM1_Ch0_Ch1_IRQHandler
                0x00009458                FLEXIO_IRQHandler
                0x00009458                Reserved113_IRQHandler
 .text          0x0000945c       0x10 E:/NXP/S32DS_ARM_v2.2/S32DS/build_tools/gcc_v6.3/gcc-6.3-arm32-eabi/arm-none-eabi/newlib/lib/thumb/v7e-m/fpv4-sp/hard\libc_nano.a(lib_a-strlen.o)
                0x0000945c                strlen
 *fill*         0x0000946c        0x4 
 .text          0x00009470       0xa0 E:/NXP/S32DS_ARM_v2.2/S32DS/build_tools/gcc_v6.3/gcc-6.3-arm32-eabi/arm-none-eabi/newlib/lib/thumb/v7e-m/fpv4-sp/hard\libc_nano.a(lib_a-memchr.o)
                0x00009470                memchr
 .text          0x00009510      0x378 e:/nxp/s32ds_arm_v2.2/s32ds/build_tools/gcc_v6.3/gcc-6.3-arm32-eabi/bin/../lib/gcc/arm-none-eabi/6.3.1/thumb/v7e-m/fpv4-sp/hard\libgcc.a(_arm_addsubdf3.o)
                0x00009510                __aeabi_drsub
                0x00009518                __aeabi_dsub
                0x00009518                __subdf3
                0x0000951c                __aeabi_dadd
                0x0000951c                __adddf3
                0x00009794                __floatunsidf
                0x00009794                __aeabi_ui2d
                0x000097b4                __floatsidf
                0x000097b4                __aeabi_i2d
                0x000097d8                __aeabi_f2d
                0x000097d8                __extendsfdf2
                0x0000981c                __floatundidf
                0x0000981c                __aeabi_ul2d
                0x0000982c                __floatdidf
                0x0000982c                __aeabi_l2d
 .text          0x00009888      0x424 e:/nxp/s32ds_arm_v2.2/s32ds/build_tools/gcc_v6.3/gcc-6.3-arm32-eabi/bin/../lib/gcc/arm-none-eabi/6.3.1/thumb/v7e-m/fpv4-sp/hard\libgcc.a(_arm_muldivdf3.o)
                0x00009888                __aeabi_dmul
                0x00009888                __muldf3
                0x00009adc                __divdf3
                0x00009adc                __aeabi_ddiv
 .text          0x00009cac      0x110 e:/nxp/s32ds_arm_v2.2/s32ds/build_tools/gcc_v6.3/gcc-6.3-arm32-eabi/bin/../lib/gcc/arm-none-eabi/6.3.1/thumb/v7e-m/fpv4-sp/hard\libgcc.a(_arm_cmpdf2.o)
                0x00009cac                __gtdf2
                0x00009cac                __gedf2
                0x00009cb4                __ltdf2
                0x00009cb4                __ledf2
                0x00009cbc                __nedf2
                0x00009cbc                __eqdf2
                0x00009cbc                __cmpdf2
                0x00009d38                __aeabi_cdrcmple
                0x00009d48                __aeabi_cdcmpeq
                0x00009d48                __aeabi_cdcmple
                0x00009d58                __aeabi_dcmpeq
                0x00009d6c                __aeabi_dcmplt
                0x00009d80                __aeabi_dcmple
                0x00009d94                __aeabi_dcmpge
                0x00009da8                __aeabi_dcmpgt
 .text          0x00009dbc       0x2c e:/nxp/s32ds_arm_v2.2/s32ds/build_tools/gcc_v6.3/gcc-6.3-arm32-eabi/bin/../lib/gcc/arm-none-eabi/6.3.1/thumb/v7e-m/fpv4-sp/hard\libgcc.a(_arm_unorddf2.o)
                0x00009dbc                __unorddf2
                0x00009dbc                __aeabi_dcmpun
 .text          0x00009de8       0x50 e:/nxp/s32ds_arm_v2.2/s32ds/build_tools/gcc_v6.3/gcc-6.3-arm32-eabi/bin/../lib/gcc/arm-none-eabi/6.3.1/thumb/v7e-m/fpv4-sp/hard\libgcc.a(_arm_fixdfsi.o)
                0x00009de8                __aeabi_d2iz
                0x00009de8                __fixdfsi
 .text          0x00009e38       0x40 e:/nxp/s32ds_arm_v2.2/s32ds/build_tools/gcc_v6.3/gcc-6.3-arm32-eabi/bin/../lib/gcc/arm-none-eabi/6.3.1/thumb/v7e-m/fpv4-sp/hard\libgcc.a(_arm_fixunsdfsi.o)
                0x00009e38                __aeabi_d2uiz
                0x00009e38                __fixunsdfsi
 .text          0x00009e78       0xa0 e:/nxp/s32ds_arm_v2.2/s32ds/build_tools/gcc_v6.3/gcc-6.3-arm32-eabi/bin/../lib/gcc/arm-none-eabi/6.3.1/thumb/v7e-m/fpv4-sp/hard\libgcc.a(_arm_truncdfsf2.o)
                0x00009e78                __truncdfsf2
                0x00009e78                __aeabi_d2f
 *(.text*)
 .text.SystemInit
                0x00009f18       0x58 ./SDK/platform/devices/S32K144/startup/system_S32K144.o
                0x00009f18                SystemInit
 .text.init_data_bss
                0x00009f70      0x12c ./SDK/platform/devices/startup.o
                0x00009f70                init_data_bss
 .text.SIM_SetLpoClocks
                0x0000a09c       0x72 ./SDK/platform/drivers/src/clock/S32K1xx/clock_S32K1xx.o
 .text.SIM_SetEimClockGate
                0x0000a10e       0x3e ./SDK/platform/drivers/src/clock/S32K1xx/clock_S32K1xx.o
 .text.SIM_SetErmClockGate
                0x0000a14c       0x3e ./SDK/platform/drivers/src/clock/S32K1xx/clock_S32K1xx.o
 .text.SIM_SetDmaClockGate
                0x0000a18a       0x3e ./SDK/platform/drivers/src/clock/S32K1xx/clock_S32K1xx.o
 .text.SIM_SetMpuClockGate
                0x0000a1c8       0x3e ./SDK/platform/drivers/src/clock/S32K1xx/clock_S32K1xx.o
 .text.SIM_SetMscmClockGate
                0x0000a206       0x3e ./SDK/platform/drivers/src/clock/S32K1xx/clock_S32K1xx.o
 .text.SIM_SetClockout
                0x0000a244       0x5e ./SDK/platform/drivers/src/clock/S32K1xx/clock_S32K1xx.o
 .text.SIM_SetTraceClockSource
                0x0000a2a2       0x38 ./SDK/platform/drivers/src/clock/S32K1xx/clock_S32K1xx.o
 .text.SIM_ClearTraceClockConfig
                0x0000a2da       0x1e ./SDK/platform/drivers/src/clock/S32K1xx/clock_S32K1xx.o
 .text.SIM_SetTraceClockConfig
                0x0000a2f8       0x40 ./SDK/platform/drivers/src/clock/S32K1xx/clock_S32K1xx.o
 .text.SCG_GetCurrentSystemClockSource
                0x0000a338       0x1e ./SDK/platform/drivers/src/clock/S32K1xx/clock_S32K1xx.o
 .text.SCG_SetRunClockControl
                0x0000a356       0x44 ./SDK/platform/drivers/src/clock/S32K1xx/clock_S32K1xx.o
 .text.SCG_SetVlprClockControl
                0x0000a39a       0x44 ./SDK/platform/drivers/src/clock/S32K1xx/clock_S32K1xx.o
 .text.SCG_SetHsrunClockControl
                0x0000a3de       0x44 ./SDK/platform/drivers/src/clock/S32K1xx/clock_S32K1xx.o
 .text.SCG_SetFircAsyncConfig
                0x0000a422       0x32 ./SDK/platform/drivers/src/clock/S32K1xx/clock_S32K1xx.o
 .text.SCG_SetSircAsyncConfig
                0x0000a454       0x32 ./SDK/platform/drivers/src/clock/S32K1xx/clock_S32K1xx.o
 .text.SCG_SetSoscAsyncConfig
                0x0000a486       0x32 ./SDK/platform/drivers/src/clock/S32K1xx/clock_S32K1xx.o
 .text.SCG_SetSpllAsyncConfig
                0x0000a4b8       0x32 ./SDK/platform/drivers/src/clock/S32K1xx/clock_S32K1xx.o
 .text.SCG_SetClockoutSourceSel
                0x0000a4ea       0x38 ./SDK/platform/drivers/src/clock/S32K1xx/clock_S32K1xx.o
 .text.SCG_GetSircSystemClockMode
                0x0000a522       0x32 ./SDK/platform/drivers/src/clock/S32K1xx/clock_S32K1xx.o
 .text.SCG_GetSircStatus
                0x0000a554       0x28 ./SDK/platform/drivers/src/clock/S32K1xx/clock_S32K1xx.o
 .text.SCG_GetSircRange
                0x0000a57c       0x1e ./SDK/platform/drivers/src/clock/S32K1xx/clock_S32K1xx.o
 .text.SCG_ClearSircLock
                0x0000a59a       0x24 ./SDK/platform/drivers/src/clock/S32K1xx/clock_S32K1xx.o
 .text.SCG_ClearSircControl
                0x0000a5be       0x1c ./SDK/platform/drivers/src/clock/S32K1xx/clock_S32K1xx.o
 .text.SCG_SetSircConfiguration
                0x0000a5da       0x24 ./SDK/platform/drivers/src/clock/S32K1xx/clock_S32K1xx.o
 .text.SCG_SetSircControl
                0x0000a5fe       0x5a ./SDK/platform/drivers/src/clock/S32K1xx/clock_S32K1xx.o
 .text.SCG_GetFircSystemClockMode
                0x0000a658       0x32 ./SDK/platform/drivers/src/clock/S32K1xx/clock_S32K1xx.o
 .text.SCG_GetFircStatus
                0x0000a68a       0x28 ./SDK/platform/drivers/src/clock/S32K1xx/clock_S32K1xx.o
 .text.SCG_GetFircRange
                0x0000a6b2       0x1e ./SDK/platform/drivers/src/clock/S32K1xx/clock_S32K1xx.o
 .text.SCG_ClearFircLock
                0x0000a6d0       0x24 ./SDK/platform/drivers/src/clock/S32K1xx/clock_S32K1xx.o
 .text.SCG_ClearFircControl
                0x0000a6f4       0x1e ./SDK/platform/drivers/src/clock/S32K1xx/clock_S32K1xx.o
 .text.SCG_SetFircConfiguration
                0x0000a712       0x24 ./SDK/platform/drivers/src/clock/S32K1xx/clock_S32K1xx.o
 .text.SCG_SetFircControl
                0x0000a736       0x42 ./SDK/platform/drivers/src/clock/S32K1xx/clock_S32K1xx.o
 .text.SCG_GetSoscSystemClockMode
                0x0000a778       0x32 ./SDK/platform/drivers/src/clock/S32K1xx/clock_S32K1xx.o
 .text.SCG_GetSoscStatus
                0x0000a7aa       0x28 ./SDK/platform/drivers/src/clock/S32K1xx/clock_S32K1xx.o
 .text.SCG_ClearSoscLock
                0x0000a7d2       0x24 ./SDK/platform/drivers/src/clock/S32K1xx/clock_S32K1xx.o
 .text.SCG_ClearSoscControl
                0x0000a7f6       0x1e ./SDK/platform/drivers/src/clock/S32K1xx/clock_S32K1xx.o
 .text.SCG_SetSoscConfiguration
                0x0000a814       0x3c ./SDK/platform/drivers/src/clock/S32K1xx/clock_S32K1xx.o
 .text.SCG_SetSoscControl
                0x0000a850       0x5e ./SDK/platform/drivers/src/clock/S32K1xx/clock_S32K1xx.o
 .text.SCG_GetSpllSystemClockMode
                0x0000a8ae       0x32 ./SDK/platform/drivers/src/clock/S32K1xx/clock_S32K1xx.o
 .text.SCG_GetSpllStatus
                0x0000a8e0       0x28 ./SDK/platform/drivers/src/clock/S32K1xx/clock_S32K1xx.o
 .text.SCG_GetSpllPredivider
                0x0000a908       0x20 ./SDK/platform/drivers/src/clock/S32K1xx/clock_S32K1xx.o
 .text.SCG_GetSpllMultiplier
                0x0000a928       0x20 ./SDK/platform/drivers/src/clock/S32K1xx/clock_S32K1xx.o
 .text.SCG_ClearSpllLock
                0x0000a948       0x24 ./SDK/platform/drivers/src/clock/S32K1xx/clock_S32K1xx.o
 .text.SCG_ClearSpllControl
                0x0000a96c       0x1e ./SDK/platform/drivers/src/clock/S32K1xx/clock_S32K1xx.o
 .text.SCG_SetSpllConfiguration
                0x0000a98a       0x34 ./SDK/platform/drivers/src/clock/S32K1xx/clock_S32K1xx.o
 .text.SCG_SetSpllControl
                0x0000a9be       0x5e ./SDK/platform/drivers/src/clock/S32K1xx/clock_S32K1xx.o
 .text.PCC_SetPeripheralClockControl
                0x0000aa1c       0x60 ./SDK/platform/drivers/src/clock/S32K1xx/clock_S32K1xx.o
 .text.PCC_SetClockMode
                0x0000aa7c       0x70 ./SDK/platform/drivers/src/clock/S32K1xx/clock_S32K1xx.o
 .text.PMC_SetLpoMode
                0x0000aaec       0x3e ./SDK/platform/drivers/src/clock/S32K1xx/clock_S32K1xx.o
 .text.PMC_SetLpoTrimValue
                0x0000ab2a       0x5e ./SDK/platform/drivers/src/clock/S32K1xx/clock_S32K1xx.o
 .text.SMC_GetCurrentRunningMode
                0x0000ab88       0x1a ./SDK/platform/drivers/src/clock/S32K1xx/clock_S32K1xx.o
 .text.CLOCK_DRV_Init
                0x0000aba2       0x6e ./SDK/platform/drivers/src/clock/S32K1xx/clock_S32K1xx.o
                0x0000aba2                CLOCK_DRV_Init
 .text.CLOCK_SYS_SetScgConfiguration
                0x0000ac10       0xb4 ./SDK/platform/drivers/src/clock/S32K1xx/clock_S32K1xx.o
 .text.CLOCK_SYS_SetPccConfiguration
                0x0000acc4       0xb8 ./SDK/platform/drivers/src/clock/S32K1xx/clock_S32K1xx.o
 .text.CLOCK_SYS_SetSimConfiguration
                0x0000ad7c      0x124 ./SDK/platform/drivers/src/clock/S32K1xx/clock_S32K1xx.o
 .text.CLOCK_SYS_SetPmcConfiguration
                0x0000aea0       0x38 ./SDK/platform/drivers/src/clock/S32K1xx/clock_S32K1xx.o
 .text.CLOCK_SYS_GetDefaultConfiguration
                0x0000aed8      0x24c ./SDK/platform/drivers/src/clock/S32K1xx/clock_S32K1xx.o
 .text.CLOCK_SYS_GetCurrentRunMode
                0x0000b124       0x44 ./SDK/platform/drivers/src/clock/S32K1xx/clock_S32K1xx.o
 .text.CLOCK_SYS_TransitionSystemClock
                0x0000b168       0x60 ./SDK/platform/drivers/src/clock/S32K1xx/clock_S32K1xx.o
 .text.CLOCK_SYS_ConfigureSIRC
                0x0000b1c8       0xc8 ./SDK/platform/drivers/src/clock/S32K1xx/clock_S32K1xx.o
 .text.CLOCK_SYS_ConfigureFIRC
                0x0000b290       0xc4 ./SDK/platform/drivers/src/clock/S32K1xx/clock_S32K1xx.o
 .text.CLOCK_SYS_ConfigureSOSC
                0x0000b354      0x124 ./SDK/platform/drivers/src/clock/S32K1xx/clock_S32K1xx.o
 .text.CLOCK_SYS_ConfigureSPLL
                0x0000b478      0x118 ./SDK/platform/drivers/src/clock/S32K1xx/clock_S32K1xx.o
 .text.CLOCK_SYS_ConfigureTemporarySystemClock
                0x0000b590       0x68 ./SDK/platform/drivers/src/clock/S32K1xx/clock_S32K1xx.o
 .text.CLOCK_SYS_ConfigureModulesFromScg
                0x0000b5f8      0x1c8 ./SDK/platform/drivers/src/clock/S32K1xx/clock_S32K1xx.o
 .text.CLOCK_SYS_GetSrcFreq
                0x0000b7c0       0x64 ./SDK/platform/drivers/src/clock/S32K1xx/clock_S32K1xx.o
 .text.CLOCK_SYS_SetSystemClockConfig
                0x0000b824      0x234 ./SDK/platform/drivers/src/clock/S32K1xx/clock_S32K1xx.o
 .text.CLOCK_SYS_GetSysOscFreq
                0x0000ba58       0x30 ./SDK/platform/drivers/src/clock/S32K1xx/clock_S32K1xx.o
 .text.CLOCK_SYS_GetSircFreq
                0x0000ba88       0x38 ./SDK/platform/drivers/src/clock/S32K1xx/clock_S32K1xx.o
 .text.CLOCK_SYS_GetFircFreq
                0x0000bac0       0x3c ./SDK/platform/drivers/src/clock/S32K1xx/clock_S32K1xx.o
 .text.CLOCK_SYS_GetSysPllFreq
                0x0000bafc       0x64 ./SDK/platform/drivers/src/clock/S32K1xx/clock_S32K1xx.o
 .text.CLOCK_SYS_Init
                0x0000bb60       0x44 ./SDK/platform/drivers/src/clock/S32K1xx/clock_S32K1xx.o
                0x0000bb60                CLOCK_SYS_Init
 .text.CLOCK_SYS_UpdateConfiguration
                0x0000bba4      0x174 ./SDK/platform/drivers/src/clock/S32K1xx/clock_S32K1xx.o
                0x0000bba4                CLOCK_SYS_UpdateConfiguration
 .text.CLOCK_SYS_SetConfiguration
                0x0000bd18       0x18 ./SDK/platform/drivers/src/clock/S32K1xx/clock_S32K1xx.o
                0x0000bd18                CLOCK_SYS_SetConfiguration
 .text.EDMA_ClearErrorIntStatusFlag
                0x0000bd30       0x1e ./SDK/platform/drivers/src/edma/edma_driver.o
 .text.EDMA_ClearDoneStatusFlag
                0x0000bd4e       0x1e ./SDK/platform/drivers/src/edma/edma_driver.o
 .text.EDMA_ClearIntStatusFlag
                0x0000bd6c       0x1e ./SDK/platform/drivers/src/edma/edma_driver.o
 *fill*         0x0000bd8a        0x2 
 .text.EDMA_DRV_ClearIntStatus
                0x0000bd8c       0x3c ./SDK/platform/drivers/src/edma/edma_driver.o
 .text.EDMA_DRV_IRQHandler
                0x0000bdc8       0x4c ./SDK/platform/drivers/src/edma/edma_driver.o
                0x0000bdc8                EDMA_DRV_IRQHandler
 .text.EDMA_DRV_ErrorIRQHandler
                0x0000be14       0x7c ./SDK/platform/drivers/src/edma/edma_driver.o
                0x0000be14                EDMA_DRV_ErrorIRQHandler
 .text.EDMA_DRV_GetDmaRegBaseAddr
                0x0000be90       0x1c ./SDK/platform/drivers/src/edma/edma_driver.o
                0x0000be90                EDMA_DRV_GetDmaRegBaseAddr
 .text.EDMA_SetDmaRequestCmd
                0x0000beac       0x30 ./SDK/platform/drivers/src/edma/edma_hw_access.o
                0x0000beac                EDMA_SetDmaRequestCmd
 .text.EDMA_GetErrorIntStatusFlag
                0x0000bedc       0x18 ./SDK/platform/drivers/src/edma/edma_irq.o
 .text.DMA0_IRQHandler
                0x0000bef4        0xe ./SDK/platform/drivers/src/edma/edma_irq.o
                0x0000bef4                DMA0_IRQHandler
 .text.DMA1_IRQHandler
                0x0000bf02        0xe ./SDK/platform/drivers/src/edma/edma_irq.o
                0x0000bf02                DMA1_IRQHandler
 .text.DMA2_IRQHandler
                0x0000bf10        0xe ./SDK/platform/drivers/src/edma/edma_irq.o
                0x0000bf10                DMA2_IRQHandler
 .text.DMA3_IRQHandler
                0x0000bf1e        0xe ./SDK/platform/drivers/src/edma/edma_irq.o
                0x0000bf1e                DMA3_IRQHandler
 .text.DMA4_IRQHandler
                0x0000bf2c        0xe ./SDK/platform/drivers/src/edma/edma_irq.o
                0x0000bf2c                DMA4_IRQHandler
 .text.DMA5_IRQHandler
                0x0000bf3a        0xe ./SDK/platform/drivers/src/edma/edma_irq.o
                0x0000bf3a                DMA5_IRQHandler
 .text.DMA6_IRQHandler
                0x0000bf48        0xe ./SDK/platform/drivers/src/edma/edma_irq.o
                0x0000bf48                DMA6_IRQHandler
 .text.DMA7_IRQHandler
                0x0000bf56        0xe ./SDK/platform/drivers/src/edma/edma_irq.o
                0x0000bf56                DMA7_IRQHandler
 .text.DMA8_IRQHandler
                0x0000bf64        0xe ./SDK/platform/drivers/src/edma/edma_irq.o
                0x0000bf64                DMA8_IRQHandler
 .text.DMA9_IRQHandler
                0x0000bf72        0xe ./SDK/platform/drivers/src/edma/edma_irq.o
                0x0000bf72                DMA9_IRQHandler
 .text.DMA10_IRQHandler
                0x0000bf80        0xe ./SDK/platform/drivers/src/edma/edma_irq.o
                0x0000bf80                DMA10_IRQHandler
 .text.DMA11_IRQHandler
                0x0000bf8e        0xe ./SDK/platform/drivers/src/edma/edma_irq.o
                0x0000bf8e                DMA11_IRQHandler
 .text.DMA12_IRQHandler
                0x0000bf9c        0xe ./SDK/platform/drivers/src/edma/edma_irq.o
                0x0000bf9c                DMA12_IRQHandler
 .text.DMA13_IRQHandler
                0x0000bfaa        0xe ./SDK/platform/drivers/src/edma/edma_irq.o
                0x0000bfaa                DMA13_IRQHandler
 .text.DMA14_IRQHandler
                0x0000bfb8        0xe ./SDK/platform/drivers/src/edma/edma_irq.o
                0x0000bfb8                DMA14_IRQHandler
 .text.DMA15_IRQHandler
                0x0000bfc6        0xe ./SDK/platform/drivers/src/edma/edma_irq.o
                0x0000bfc6                DMA15_IRQHandler
 .text.DMA_Error_IRQHandler
                0x0000bfd4       0x4c ./SDK/platform/drivers/src/edma/edma_irq.o
                0x0000bfd4                DMA_Error_IRQHandler
 .text.INT_SYS_EnableIRQGlobal
                0x0000c020       0x30 ./SDK/platform/drivers/src/interrupt/interrupt_manager.o
                0x0000c020                INT_SYS_EnableIRQGlobal
 .text.INT_SYS_DisableIRQGlobal
                0x0000c050       0x20 ./SDK/platform/drivers/src/interrupt/interrupt_manager.o
                0x0000c050                INT_SYS_DisableIRQGlobal
 .text.osif_Tick
                0x0000c070       0x1c ./SDK/rtos/osif/osif_baremetal.o
 .text.SysTick_Handler
                0x0000c08c        0xc ./SDK/rtos/osif/osif_baremetal.o
                0x0000c08c                SysTick_Handler
 .text.GPIO_init
                0x0000c098      0x100 ./Sources/HardwareLib/GPIO_init.o
                0x0000c098                GPIO_init
 .text.LPSPI1_init_master
                0x0000c198       0xac ./Sources/HardwareLib/LPSPI.o
                0x0000c198                LPSPI1_init_master
 .text.LPSPI1_transmit_8bits
                0x0000c244       0x48 ./Sources/HardwareLib/LPSPI.o
                0x0000c244                LPSPI1_transmit_8bits
 .text.LPSPI_DC_Clr
                0x0000c28c       0x20 ./Sources/HardwareLib/LPSPI_oled.o
                0x0000c28c                LPSPI_DC_Clr
 .text.LPSPI_DC_Set
                0x0000c2ac       0x20 ./Sources/HardwareLib/LPSPI_oled.o
                0x0000c2ac                LPSPI_DC_Set
 .text.LPSPI_RST_Clr
                0x0000c2cc       0x20 ./Sources/HardwareLib/LPSPI_oled.o
                0x0000c2cc                LPSPI_RST_Clr
 .text.LPSPI_RST_Set
                0x0000c2ec       0x20 ./Sources/HardwareLib/LPSPI_oled.o
                0x0000c2ec                LPSPI_RST_Set
 .text.LPSPI_OLED_Init
                0x0000c30c      0x12c ./Sources/HardwareLib/LPSPI_oled.o
                0x0000c30c                LPSPI_OLED_Init
 .text.LPSPI_Write_Byte
                0x0000c438       0x30 ./Sources/HardwareLib/LPSPI_oled.o
                0x0000c438                LPSPI_Write_Byte
 .text.LPSPI_Set_Pos
                0x0000c468       0x54 ./Sources/HardwareLib/LPSPI_oled.o
                0x0000c468                LPSPI_Set_Pos
 .text.LPSPI_Refresh
                0x0000c4bc       0x6c ./Sources/HardwareLib/LPSPI_oled.o
                0x0000c4bc                LPSPI_Refresh
 .text.LPSPI_Clear
                0x0000c528       0x4c ./Sources/HardwareLib/LPSPI_oled.o
                0x0000c528                LPSPI_Clear
 .text.LPSPI_DrawPoint
                0x0000c574       0xcc ./Sources/HardwareLib/LPSPI_oled.o
                0x0000c574                LPSPI_DrawPoint
 .text.LPSPI_ShowChar
                0x0000c640      0x17c ./Sources/HardwareLib/LPSPI_oled.o
                0x0000c640                LPSPI_ShowChar
 .text.LPSPI_ShowString
                0x0000c7bc       0x68 ./Sources/HardwareLib/LPSPI_oled.o
                0x0000c7bc                LPSPI_ShowString
 .text.LPTMR0_IRQHandler
                0x0000c824       0x54 ./Sources/HardwareLib/LPTMR.o
                0x0000c824                LPTMR0_IRQHandler
 .text.LPUART1_init
                0x0000c878       0x80 ./Sources/HardwareLib/LPUART.o
                0x0000c878                LPUART1_init
 .text.LPUART1_transmit_char
                0x0000c8f8       0x30 ./Sources/HardwareLib/LPUART.o
                0x0000c8f8                LPUART1_transmit_char
 .text.LPUART1_transmit_string
                0x0000c928       0x3a ./Sources/HardwareLib/LPUART.o
                0x0000c928                LPUART1_transmit_string
 *fill*         0x0000c962        0x2 
 .text.LPUART1_printf
                0x0000c964       0x30 ./Sources/HardwareLib/LPUART.o
                0x0000c964                LPUART1_printf
 .text.LPUART1_RxTx_IRQHandler
                0x0000c994       0x68 ./Sources/HardwareLib/LPUART.o
                0x0000c994                LPUART1_RxTx_IRQHandler
 .text.LPUART1_NVIC_init_IRQs
                0x0000c9fc       0x28 ./Sources/HardwareLib/LPUART.o
                0x0000c9fc                LPUART1_NVIC_init_IRQs
 .text.LPIT0_Ch0_IRQHandler
                0x0000ca24       0x2c ./Sources/HardwareLib/LP_IT_timer.o
                0x0000ca24                LPIT0_Ch0_IRQHandler
 .text.SPI_OLED_SCLK_Clr
                0x0000ca50       0x20 ./Sources/HardwareLib/SPI_OLED.o
                0x0000ca50                SPI_OLED_SCLK_Clr
 .text.SPI_OLED_SCLK_Set
                0x0000ca70       0x20 ./Sources/HardwareLib/SPI_OLED.o
                0x0000ca70                SPI_OLED_SCLK_Set
 .text.SPI_OLED_SDIN_Clr
                0x0000ca90       0x20 ./Sources/HardwareLib/SPI_OLED.o
                0x0000ca90                SPI_OLED_SDIN_Clr
 .text.SPI_OLED_SDIN_Set
                0x0000cab0       0x20 ./Sources/HardwareLib/SPI_OLED.o
                0x0000cab0                SPI_OLED_SDIN_Set
 .text.SPI_OLED_RST_Clr
                0x0000cad0       0x20 ./Sources/HardwareLib/SPI_OLED.o
                0x0000cad0                SPI_OLED_RST_Clr
 .text.SPI_OLED_RST_Set
                0x0000caf0       0x20 ./Sources/HardwareLib/SPI_OLED.o
                0x0000caf0                SPI_OLED_RST_Set
 .text.SPI_OLED_DC_Clr
                0x0000cb10       0x20 ./Sources/HardwareLib/SPI_OLED.o
                0x0000cb10                SPI_OLED_DC_Clr
 .text.SPI_OLED_DC_Set
                0x0000cb30       0x20 ./Sources/HardwareLib/SPI_OLED.o
                0x0000cb30                SPI_OLED_DC_Set
 .text.SPI_OLED_CS_Clr
                0x0000cb50       0x20 ./Sources/HardwareLib/SPI_OLED.o
                0x0000cb50                SPI_OLED_CS_Clr
 .text.SPI_OLED_CS_Set
                0x0000cb70       0x20 ./Sources/HardwareLib/SPI_OLED.o
                0x0000cb70                SPI_OLED_CS_Set
 .text.SPI_OLED_Init
                0x0000cb90      0x1c4 ./Sources/HardwareLib/SPI_OLED.o
                0x0000cb90                SPI_OLED_Init
 .text.SPI_OLED_Write_Byte
                0x0000cd54       0x66 ./Sources/HardwareLib/SPI_OLED.o
                0x0000cd54                SPI_OLED_Write_Byte
 .text.SPI_OLED_Set_Pos
                0x0000cdba       0x54 ./Sources/HardwareLib/SPI_OLED.o
                0x0000cdba                SPI_OLED_Set_Pos
 *fill*         0x0000ce0e        0x2 
 .text.SPI_OLED_Refresh
                0x0000ce10       0x6c ./Sources/HardwareLib/SPI_OLED.o
                0x0000ce10                SPI_OLED_Refresh
 .text.SPI_OLED_Clear
                0x0000ce7c       0x4c ./Sources/HardwareLib/SPI_OLED.o
                0x0000ce7c                SPI_OLED_Clear
 .text.SPI_OLED_DrawPoint
                0x0000cec8       0xcc ./Sources/HardwareLib/SPI_OLED.o
                0x0000cec8                SPI_OLED_DrawPoint
 .text.SPI_OLED_ShowChar
                0x0000cf94      0x17c ./Sources/HardwareLib/SPI_OLED.o
                0x0000cf94                SPI_OLED_ShowChar
 .text.SPI_OLED_ShowString
                0x0000d110       0x68 ./Sources/HardwareLib/SPI_OLED.o
                0x0000d110                SPI_OLED_ShowString
 .text.uart_TX_Set
                0x0000d178       0x2c ./Sources/HardwareLib/UART_IO.o
                0x0000d178                uart_TX_Set
 .text.uart_TX_Clr
                0x0000d1a4       0x2c ./Sources/HardwareLib/UART_IO.o
                0x0000d1a4                uart_TX_Clr
 .text.uart_Read_RX
                0x0000d1d0       0x30 ./Sources/HardwareLib/UART_IO.o
                0x0000d1d0                uart_Read_RX
 .text.uartSendChar
                0x0000d200       0x74 ./Sources/HardwareLib/UART_IO.o
                0x0000d200                uartSendChar
 .text.uartSendStr
                0x0000d274       0x50 ./Sources/HardwareLib/UART_IO.o
                0x0000d274                uartSendStr
 .text.uartReceiveChar
                0x0000d2c4       0xec ./Sources/HardwareLib/UART_IO.o
                0x0000d2c4                uartReceiveChar
 .text.PORTA_IRQHandler
                0x0000d3b0       0x80 ./Sources/HardwareLib/UART_IO.o
                0x0000d3b0                PORTA_IRQHandler
 .text.PORTB_IRQHandler
                0x0000d430        0xe ./Sources/HardwareLib/UART_IO.o
                0x0000d430                PORTB_IRQHandler
 .text.PORTC_IRQHandler
                0x0000d43e        0xe ./Sources/HardwareLib/UART_IO.o
                0x0000d43e                PORTC_IRQHandler
 .text.PORTD_IRQHandler
                0x0000d44c        0xe ./Sources/HardwareLib/UART_IO.o
                0x0000d44c                PORTD_IRQHandler
 .text.PORTE_IRQHandler
                0x0000d45a        0xe ./Sources/HardwareLib/UART_IO.o
                0x0000d45a                PORTE_IRQHandler
 .text.systick_delay_init
                0x0000d468       0x38 ./Sources/HardwareLib/latency.o
                0x0000d468                systick_delay_init
 .text.later_100_ns
                0x0000d4a0       0x3c ./Sources/HardwareLib/latency.o
                0x0000d4a0                later_100_ns
 .text.later_us
                0x0000d4dc       0x48 ./Sources/HardwareLib/latency.o
                0x0000d4dc                later_us
 .text.later_ms
                0x0000d524       0x2c ./Sources/HardwareLib/latency.o
                0x0000d524                later_ms
 .text.WDOG_disable
                0x0000d550       0x2c ./Sources/main.o
                0x0000d550                WDOG_disable
 .text.main     0x0000d57c       0xa0 ./Sources/main.o
                0x0000d57c                main
 .text.memset   0x0000d61c       0x10 E:/NXP/S32DS_ARM_v2.2/S32DS/build_tools/gcc_v6.3/gcc-6.3-arm32-eabi/arm-none-eabi/newlib/lib/thumb/v7e-m/fpv4-sp/hard\libc_nano.a(lib_a-memset.o)
                0x0000d61c                memset
 .text.__cvt    0x0000d62c       0xc2 E:/NXP/S32DS_ARM_v2.2/S32DS/build_tools/gcc_v6.3/gcc-6.3-arm32-eabi/arm-none-eabi/newlib/lib/thumb/v7e-m/fpv4-sp/hard\libc_nano.a(lib_a-nano-vfprintf_float.o)
                0x0000d62c                __cvt
 .text.__exponent
                0x0000d6ee       0x6a E:/NXP/S32DS_ARM_v2.2/S32DS/build_tools/gcc_v6.3/gcc-6.3-arm32-eabi/arm-none-eabi/newlib/lib/thumb/v7e-m/fpv4-sp/hard\libc_nano.a(lib_a-nano-vfprintf_float.o)
                0x0000d6ee                __exponent
 .text._printf_float
                0x0000d758      0x480 E:/NXP/S32DS_ARM_v2.2/S32DS/build_tools/gcc_v6.3/gcc-6.3-arm32-eabi/arm-none-eabi/newlib/lib/thumb/v7e-m/fpv4-sp/hard\libc_nano.a(lib_a-nano-vfprintf_float.o)
                0x0000d758                _printf_float
 .text._printf_common
                0x0000dbd8       0xec E:/NXP/S32DS_ARM_v2.2/S32DS/build_tools/gcc_v6.3/gcc-6.3-arm32-eabi/arm-none-eabi/newlib/lib/thumb/v7e-m/fpv4-sp/hard\libc_nano.a(lib_a-nano-vfprintf_i.o)
                0x0000dbd8                _printf_common
 .text._printf_i
                0x0000dcc4      0x240 E:/NXP/S32DS_ARM_v2.2/S32DS/build_tools/gcc_v6.3/gcc-6.3-arm32-eabi/arm-none-eabi/newlib/lib/thumb/v7e-m/fpv4-sp/hard\libc_nano.a(lib_a-nano-vfprintf_i.o)
                0x0000dcc4                _printf_i
 .text._scanf_float
                0x0000df04      0x3c8 E:/NXP/S32DS_ARM_v2.2/S32DS/build_tools/gcc_v6.3/gcc-6.3-arm32-eabi/arm-none-eabi/newlib/lib/thumb/v7e-m/fpv4-sp/hard\libc_nano.a(lib_a-nano-vfscanf_float.o)
                0x0000df04                _scanf_float
 .text.nanf     0x0000e2cc        0xc E:/NXP/S32DS_ARM_v2.2/S32DS/build_tools/gcc_v6.3/gcc-6.3-arm32-eabi/arm-none-eabi/newlib/lib/thumb/v7e-m/fpv4-sp/hard\libc_nano.a(lib_a-sf_nan.o)
                0x0000e2cc                nanf
 .text.sprintf  0x0000e2d8       0x48 E:/NXP/S32DS_ARM_v2.2/S32DS/build_tools/gcc_v6.3/gcc-6.3-arm32-eabi/arm-none-eabi/newlib/lib/thumb/v7e-m/fpv4-sp/hard\libc_nano.a(lib_a-sprintf.o)
                0x0000e2d8                siprintf
                0x0000e2d8                sprintf
 .text.unlikely.sulp
                0x0000e320       0x38 E:/NXP/S32DS_ARM_v2.2/S32DS/build_tools/gcc_v6.3/gcc-6.3-arm32-eabi/arm-none-eabi/newlib/lib/thumb/v7e-m/fpv4-sp/hard\libc_nano.a(lib_a-strtod.o)
 .text._strtod_l
                0x0000e358      0xbd8 E:/NXP/S32DS_ARM_v2.2/S32DS/build_tools/gcc_v6.3/gcc-6.3-arm32-eabi/arm-none-eabi/newlib/lib/thumb/v7e-m/fpv4-sp/hard\libc_nano.a(lib_a-strtod.o)
                0x0000e358                _strtod_l
 .text._strtod_r
                0x0000ef30       0x20 E:/NXP/S32DS_ARM_v2.2/S32DS/build_tools/gcc_v6.3/gcc-6.3-arm32-eabi/arm-none-eabi/newlib/lib/thumb/v7e-m/fpv4-sp/hard\libc_nano.a(lib_a-strtod.o)
                0x0000ef30                _strtod_r
 .text._strtol_l.isra.0
                0x0000ef50      0x100 E:/NXP/S32DS_ARM_v2.2/S32DS/build_tools/gcc_v6.3/gcc-6.3-arm32-eabi/arm-none-eabi/newlib/lib/thumb/v7e-m/fpv4-sp/hard\libc_nano.a(lib_a-strtol.o)
 .text._strtol_r
                0x0000f050       0x24 E:/NXP/S32DS_ARM_v2.2/S32DS/build_tools/gcc_v6.3/gcc-6.3-arm32-eabi/arm-none-eabi/newlib/lib/thumb/v7e-m/fpv4-sp/hard\libc_nano.a(lib_a-strtol.o)
                0x0000f050                _strtol_r
 .text._vsprintf_r
                0x0000f074       0x30 E:/NXP/S32DS_ARM_v2.2/S32DS/build_tools/gcc_v6.3/gcc-6.3-arm32-eabi/arm-none-eabi/newlib/lib/thumb/v7e-m/fpv4-sp/hard\libc_nano.a(lib_a-vsprintf.o)
                0x0000f074                _vsprintf_r
                0x0000f074                _vsiprintf_r
 .text.vsprintf
                0x0000f0a4       0x14 E:/NXP/S32DS_ARM_v2.2/S32DS/build_tools/gcc_v6.3/gcc-6.3-arm32-eabi/arm-none-eabi/newlib/lib/thumb/v7e-m/fpv4-sp/hard\libc_nano.a(lib_a-vsprintf.o)
                0x0000f0a4                vsiprintf
                0x0000f0a4                vsprintf
 .text.quorem   0x0000f0b8      0x118 E:/NXP/S32DS_ARM_v2.2/S32DS/build_tools/gcc_v6.3/gcc-6.3-arm32-eabi/arm-none-eabi/newlib/lib/thumb/v7e-m/fpv4-sp/hard\libc_nano.a(lib_a-dtoa.o)
 .text._dtoa_r  0x0000f1d0      0xb9c E:/NXP/S32DS_ARM_v2.2/S32DS/build_tools/gcc_v6.3/gcc-6.3-arm32-eabi/arm-none-eabi/newlib/lib/thumb/v7e-m/fpv4-sp/hard\libc_nano.a(lib_a-dtoa.o)
                0x0000f1d0                _dtoa_r
 .text.rshift   0x0000fd6c       0x6a E:/NXP/S32DS_ARM_v2.2/S32DS/build_tools/gcc_v6.3/gcc-6.3-arm32-eabi/arm-none-eabi/newlib/lib/thumb/v7e-m/fpv4-sp/hard\libc_nano.a(lib_a-gdtoa-gethex.o)
 .text.__hexdig_fun
                0x0000fdd6       0x2a E:/NXP/S32DS_ARM_v2.2/S32DS/build_tools/gcc_v6.3/gcc-6.3-arm32-eabi/arm-none-eabi/newlib/lib/thumb/v7e-m/fpv4-sp/hard\libc_nano.a(lib_a-gdtoa-gethex.o)
                0x0000fdd6                __hexdig_fun
 .text.__gethex
                0x0000fe00      0x43c E:/NXP/S32DS_ARM_v2.2/S32DS/build_tools/gcc_v6.3/gcc-6.3-arm32-eabi/arm-none-eabi/newlib/lib/thumb/v7e-m/fpv4-sp/hard\libc_nano.a(lib_a-gdtoa-gethex.o)
                0x0000fe00                __gethex
 .text.L_shift  0x0001023c       0x24 E:/NXP/S32DS_ARM_v2.2/S32DS/build_tools/gcc_v6.3/gcc-6.3-arm32-eabi/arm-none-eabi/newlib/lib/thumb/v7e-m/fpv4-sp/hard\libc_nano.a(lib_a-gdtoa-hexnan.o)
 .text.__match  0x00010260       0x26 E:/NXP/S32DS_ARM_v2.2/S32DS/build_tools/gcc_v6.3/gcc-6.3-arm32-eabi/arm-none-eabi/newlib/lib/thumb/v7e-m/fpv4-sp/hard\libc_nano.a(lib_a-gdtoa-hexnan.o)
                0x00010260                __match
 .text.__hexnan
                0x00010286      0x120 E:/NXP/S32DS_ARM_v2.2/S32DS/build_tools/gcc_v6.3/gcc-6.3-arm32-eabi/arm-none-eabi/newlib/lib/thumb/v7e-m/fpv4-sp/hard\libc_nano.a(lib_a-gdtoa-hexnan.o)
                0x00010286                __hexnan
 .text.__localeconv_l
                0x000103a6        0x4 E:/NXP/S32DS_ARM_v2.2/S32DS/build_tools/gcc_v6.3/gcc-6.3-arm32-eabi/arm-none-eabi/newlib/lib/thumb/v7e-m/fpv4-sp/hard\libc_nano.a(lib_a-localeconv.o)
                0x000103a6                __localeconv_l
 *fill*         0x000103aa        0x2 
 .text._localeconv_r
                0x000103ac       0x1c E:/NXP/S32DS_ARM_v2.2/S32DS/build_tools/gcc_v6.3/gcc-6.3-arm32-eabi/arm-none-eabi/newlib/lib/thumb/v7e-m/fpv4-sp/hard\libc_nano.a(lib_a-localeconv.o)
                0x000103ac                _localeconv_r
 .text.__locale_ctype_ptr_l
                0x000103c8        0x6 E:/NXP/S32DS_ARM_v2.2/S32DS/build_tools/gcc_v6.3/gcc-6.3-arm32-eabi/arm-none-eabi/newlib/lib/thumb/v7e-m/fpv4-sp/hard\libc_nano.a(lib_a-locale.o)
                0x000103c8                __locale_ctype_ptr_l
 *fill*         0x000103ce        0x2 
 .text.malloc   0x000103d0       0x10 E:/NXP/S32DS_ARM_v2.2/S32DS/build_tools/gcc_v6.3/gcc-6.3-arm32-eabi/arm-none-eabi/newlib/lib/thumb/v7e-m/fpv4-sp/hard\libc_nano.a(lib_a-malloc.o)
                0x000103d0                malloc
 .text.__ascii_mbtowc
                0x000103e0       0x24 E:/NXP/S32DS_ARM_v2.2/S32DS/build_tools/gcc_v6.3/gcc-6.3-arm32-eabi/arm-none-eabi/newlib/lib/thumb/v7e-m/fpv4-sp/hard\libc_nano.a(lib_a-mbtowc_r.o)
                0x000103e0                __ascii_mbtowc
 .text.memcpy   0x00010404       0x16 E:/NXP/S32DS_ARM_v2.2/S32DS/build_tools/gcc_v6.3/gcc-6.3-arm32-eabi/arm-none-eabi/newlib/lib/thumb/v7e-m/fpv4-sp/hard\libc_nano.a(lib_a-memcpy-stub.o)
                0x00010404                memcpy
 .text._Balloc  0x0001041a       0x68 E:/NXP/S32DS_ARM_v2.2/S32DS/build_tools/gcc_v6.3/gcc-6.3-arm32-eabi/arm-none-eabi/newlib/lib/thumb/v7e-m/fpv4-sp/hard\libc_nano.a(lib_a-mprec.o)
                0x0001041a                _Balloc
 .text._Bfree   0x00010482       0x2e E:/NXP/S32DS_ARM_v2.2/S32DS/build_tools/gcc_v6.3/gcc-6.3-arm32-eabi/arm-none-eabi/newlib/lib/thumb/v7e-m/fpv4-sp/hard\libc_nano.a(lib_a-mprec.o)
                0x00010482                _Bfree
 .text.__multadd
                0x000104b0       0x76 E:/NXP/S32DS_ARM_v2.2/S32DS/build_tools/gcc_v6.3/gcc-6.3-arm32-eabi/arm-none-eabi/newlib/lib/thumb/v7e-m/fpv4-sp/hard\libc_nano.a(lib_a-mprec.o)
                0x000104b0                __multadd
 .text.__s2b    0x00010526       0x7c E:/NXP/S32DS_ARM_v2.2/S32DS/build_tools/gcc_v6.3/gcc-6.3-arm32-eabi/arm-none-eabi/newlib/lib/thumb/v7e-m/fpv4-sp/hard\libc_nano.a(lib_a-mprec.o)
                0x00010526                __s2b
 .text.__hi0bits
                0x000105a2       0x3e E:/NXP/S32DS_ARM_v2.2/S32DS/build_tools/gcc_v6.3/gcc-6.3-arm32-eabi/arm-none-eabi/newlib/lib/thumb/v7e-m/fpv4-sp/hard\libc_nano.a(lib_a-mprec.o)
                0x000105a2                __hi0bits
 .text.__lo0bits
                0x000105e0       0x5e E:/NXP/S32DS_ARM_v2.2/S32DS/build_tools/gcc_v6.3/gcc-6.3-arm32-eabi/arm-none-eabi/newlib/lib/thumb/v7e-m/fpv4-sp/hard\libc_nano.a(lib_a-mprec.o)
                0x000105e0                __lo0bits
 .text.__i2b    0x0001063e       0x12 E:/NXP/S32DS_ARM_v2.2/S32DS/build_tools/gcc_v6.3/gcc-6.3-arm32-eabi/arm-none-eabi/newlib/lib/thumb/v7e-m/fpv4-sp/hard\libc_nano.a(lib_a-mprec.o)
                0x0001063e                __i2b
 .text.__multiply
                0x00010650      0x11a E:/NXP/S32DS_ARM_v2.2/S32DS/build_tools/gcc_v6.3/gcc-6.3-arm32-eabi/arm-none-eabi/newlib/lib/thumb/v7e-m/fpv4-sp/hard\libc_nano.a(lib_a-mprec.o)
                0x00010650                __multiply
 *fill*         0x0001076a        0x2 
 .text.__pow5mult
                0x0001076c       0x9c E:/NXP/S32DS_ARM_v2.2/S32DS/build_tools/gcc_v6.3/gcc-6.3-arm32-eabi/arm-none-eabi/newlib/lib/thumb/v7e-m/fpv4-sp/hard\libc_nano.a(lib_a-mprec.o)
                0x0001076c                __pow5mult
 .text.__lshift
                0x00010808       0xa2 E:/NXP/S32DS_ARM_v2.2/S32DS/build_tools/gcc_v6.3/gcc-6.3-arm32-eabi/arm-none-eabi/newlib/lib/thumb/v7e-m/fpv4-sp/hard\libc_nano.a(lib_a-mprec.o)
                0x00010808                __lshift
 .text.__mcmp   0x000108aa       0x34 E:/NXP/S32DS_ARM_v2.2/S32DS/build_tools/gcc_v6.3/gcc-6.3-arm32-eabi/arm-none-eabi/newlib/lib/thumb/v7e-m/fpv4-sp/hard\libc_nano.a(lib_a-mprec.o)
                0x000108aa                __mcmp
 .text.__mdiff  0x000108de       0xbc E:/NXP/S32DS_ARM_v2.2/S32DS/build_tools/gcc_v6.3/gcc-6.3-arm32-eabi/arm-none-eabi/newlib/lib/thumb/v7e-m/fpv4-sp/hard\libc_nano.a(lib_a-mprec.o)
                0x000108de                __mdiff
 *fill*         0x0001099a        0x2 
 .text.__ulp    0x0001099c       0x50 E:/NXP/S32DS_ARM_v2.2/S32DS/build_tools/gcc_v6.3/gcc-6.3-arm32-eabi/arm-none-eabi/newlib/lib/thumb/v7e-m/fpv4-sp/hard\libc_nano.a(lib_a-mprec.o)
                0x0001099c                __ulp
 .text.__b2d    0x000109ec       0x9c E:/NXP/S32DS_ARM_v2.2/S32DS/build_tools/gcc_v6.3/gcc-6.3-arm32-eabi/arm-none-eabi/newlib/lib/thumb/v7e-m/fpv4-sp/hard\libc_nano.a(lib_a-mprec.o)
                0x000109ec                __b2d
 .text.__d2b    0x00010a88       0x9e E:/NXP/S32DS_ARM_v2.2/S32DS/build_tools/gcc_v6.3/gcc-6.3-arm32-eabi/arm-none-eabi/newlib/lib/thumb/v7e-m/fpv4-sp/hard\libc_nano.a(lib_a-mprec.o)
                0x00010a88                __d2b
 .text.__ratio  0x00010b26       0x58 E:/NXP/S32DS_ARM_v2.2/S32DS/build_tools/gcc_v6.3/gcc-6.3-arm32-eabi/arm-none-eabi/newlib/lib/thumb/v7e-m/fpv4-sp/hard\libc_nano.a(lib_a-mprec.o)
                0x00010b26                __ratio
 .text.__copybits
                0x00010b7e       0x34 E:/NXP/S32DS_ARM_v2.2/S32DS/build_tools/gcc_v6.3/gcc-6.3-arm32-eabi/arm-none-eabi/newlib/lib/thumb/v7e-m/fpv4-sp/hard\libc_nano.a(lib_a-mprec.o)
                0x00010b7e                __copybits
 .text.__any_on
                0x00010bb2       0x42 E:/NXP/S32DS_ARM_v2.2/S32DS/build_tools/gcc_v6.3/gcc-6.3-arm32-eabi/arm-none-eabi/newlib/lib/thumb/v7e-m/fpv4-sp/hard\libc_nano.a(lib_a-mprec.o)
                0x00010bb2                __any_on
 .text._calloc_r
                0x00010bf4       0x1c E:/NXP/S32DS_ARM_v2.2/S32DS/build_tools/gcc_v6.3/gcc-6.3-arm32-eabi/arm-none-eabi/newlib/lib/thumb/v7e-m/fpv4-sp/hard\libc_nano.a(lib_a-nano-callocr.o)
                0x00010bf4                _calloc_r
 .text._free_r  0x00010c10       0x9c E:/NXP/S32DS_ARM_v2.2/S32DS/build_tools/gcc_v6.3/gcc-6.3-arm32-eabi/arm-none-eabi/newlib/lib/thumb/v7e-m/fpv4-sp/hard\libc_nano.a(lib_a-nano-freer.o)
                0x00010c10                _free_r
 .text._malloc_r
                0x00010cac       0xbc E:/NXP/S32DS_ARM_v2.2/S32DS/build_tools/gcc_v6.3/gcc-6.3-arm32-eabi/arm-none-eabi/newlib/lib/thumb/v7e-m/fpv4-sp/hard\libc_nano.a(lib_a-nano-mallocr.o)
                0x00010cac                _malloc_r
 .text.__ssputs_r
                0x00010d68       0xb6 E:/NXP/S32DS_ARM_v2.2/S32DS/build_tools/gcc_v6.3/gcc-6.3-arm32-eabi/arm-none-eabi/newlib/lib/thumb/v7e-m/fpv4-sp/hard\libc_nano.a(lib_a-nano-svfprintf.o)
                0x00010d68                __ssputs_r
 *fill*         0x00010e1e        0x2 
 .text._svfprintf_r
                0x00010e20      0x1e8 E:/NXP/S32DS_ARM_v2.2/S32DS/build_tools/gcc_v6.3/gcc-6.3-arm32-eabi/arm-none-eabi/newlib/lib/thumb/v7e-m/fpv4-sp/hard\libc_nano.a(lib_a-nano-svfprintf.o)
                0x00010e20                _svfiprintf_r
                0x00010e20                _svfprintf_r
 .text._sbrk_r  0x00011008       0x20 E:/NXP/S32DS_ARM_v2.2/S32DS/build_tools/gcc_v6.3/gcc-6.3-arm32-eabi/arm-none-eabi/newlib/lib/thumb/v7e-m/fpv4-sp/hard\libc_nano.a(lib_a-sbrkr.o)
                0x00011008                _sbrk_r
 .text.strncmp  0x00011028       0x24 E:/NXP/S32DS_ARM_v2.2/S32DS/build_tools/gcc_v6.3/gcc-6.3-arm32-eabi/arm-none-eabi/newlib/lib/thumb/v7e-m/fpv4-sp/hard\libc_nano.a(lib_a-strncmp.o)
                0x00011028                strncmp
 .text.__ascii_wctomb
                0x0001104c       0x1a E:/NXP/S32DS_ARM_v2.2/S32DS/build_tools/gcc_v6.3/gcc-6.3-arm32-eabi/arm-none-eabi/newlib/lib/thumb/v7e-m/fpv4-sp/hard\libc_nano.a(lib_a-wctomb_r.o)
                0x0001104c                __ascii_wctomb
 .text.memmove  0x00011066       0x34 E:/NXP/S32DS_ARM_v2.2/S32DS/build_tools/gcc_v6.3/gcc-6.3-arm32-eabi/arm-none-eabi/newlib/lib/thumb/v7e-m/fpv4-sp/hard\libc_nano.a(lib_a-memmove.o)
                0x00011066                memmove
 .text.__malloc_lock
                0x0001109a        0x2 E:/NXP/S32DS_ARM_v2.2/S32DS/build_tools/gcc_v6.3/gcc-6.3-arm32-eabi/arm-none-eabi/newlib/lib/thumb/v7e-m/fpv4-sp/hard\libc_nano.a(lib_a-mlock.o)
                0x0001109a                __malloc_lock
 .text.__malloc_unlock
                0x0001109c        0x2 E:/NXP/S32DS_ARM_v2.2/S32DS/build_tools/gcc_v6.3/gcc-6.3-arm32-eabi/arm-none-eabi/newlib/lib/thumb/v7e-m/fpv4-sp/hard\libc_nano.a(lib_a-mlock.o)
                0x0001109c                __malloc_unlock
 .text._realloc_r
                0x0001109e       0x4c E:/NXP/S32DS_ARM_v2.2/S32DS/build_tools/gcc_v6.3/gcc-6.3-arm32-eabi/arm-none-eabi/newlib/lib/thumb/v7e-m/fpv4-sp/hard\libc_nano.a(lib_a-nano-reallocr.o)
                0x0001109e                _realloc_r
 .text._malloc_usable_size_r
                0x000110ea       0x12 E:/NXP/S32DS_ARM_v2.2/S32DS/build_tools/gcc_v6.3/gcc-6.3-arm32-eabi/arm-none-eabi/newlib/lib/thumb/v7e-m/fpv4-sp/hard\libc_nano.a(lib_a-nano-msizer.o)
                0x000110ea                _malloc_usable_size_r
 .text._sbrk    0x000110fc       0x1c E:/NXP/S32DS_ARM_v2.2/S32DS/build_tools/gcc_v6.3/gcc-6.3-arm32-eabi/arm-none-eabi/newlib/lib/thumb/v7e-m/fpv4-sp/hard\libnosys.a(sbrk.o)
                0x000110fc                _sbrk
 *(.rodata)
 .rodata        0x00011118       0x11 ./Sources/HardwareLib/LPTMR.o
 *fill*         0x00011129        0x3 
 .rodata        0x0001112c        0xe ./Sources/HardwareLib/LP_IT_timer.o
 *fill*         0x0001113a        0x2 
 .rodata        0x0001113c       0x13 ./Sources/main.o
 *(.rodata*)
 *fill*         0x0001114f        0x1 
 .rodata.clockNameMappings
                0x00011150       0x9e ./SDK/platform/drivers/src/clock/S32K1xx/clock_S32K1xx.o
                0x00011150                clockNameMappings
 *fill*         0x000111ee        0x2 
 .rodata.tmpSysClk.7552
                0x000111f0        0xc ./SDK/platform/drivers/src/clock/S32K1xx/clock_S32K1xx.o
 .rodata.tmpSysClk.7559
                0x000111fc        0xc ./SDK/platform/drivers/src/clock/S32K1xx/clock_S32K1xx.o
 .rodata.maxSysClksInRUN.7597
                0x00011208       0x54 ./SDK/platform/drivers/src/clock/S32K1xx/clock_S32K1xx.o
 .rodata.maxSysClksInVLPR.7596
                0x0001125c       0x54 ./SDK/platform/drivers/src/clock/S32K1xx/clock_S32K1xx.o
 .rodata.maxSysClksInHSRUN.7598
                0x000112b0       0x54 ./SDK/platform/drivers/src/clock/S32K1xx/clock_S32K1xx.o
 .rodata.fircFreq.7641
                0x00011304        0x4 ./SDK/platform/drivers/src/clock/S32K1xx/clock_S32K1xx.o
 .rodata.ASICII_0806
                0x00011308      0x228 ./Sources/HardwareLib/OLED_FONT.o
                0x00011308                ASICII_0806
 .rodata.ASICII_1206
                0x00011530      0x474 ./Sources/HardwareLib/OLED_FONT.o
                0x00011530                ASICII_1206
 .rodata.ASICII_1608
                0x000119a4      0x5f0 ./Sources/HardwareLib/OLED_FONT.o
                0x000119a4                ASICII_1608
 .rodata.ASICII_2412
                0x00011f94      0xd5c ./Sources/HardwareLib/OLED_FONT.o
                0x00011f94                ASICII_2412
 .rodata._printf_float.str1.1
                0x00012cf0       0x12 E:/NXP/S32DS_ARM_v2.2/S32DS/build_tools/gcc_v6.3/gcc-6.3-arm32-eabi/arm-none-eabi/newlib/lib/thumb/v7e-m/fpv4-sp/hard\libc_nano.a(lib_a-nano-vfprintf_float.o)
 .rodata._printf_i.str1.1
                0x00012d02       0x22 E:/NXP/S32DS_ARM_v2.2/S32DS/build_tools/gcc_v6.3/gcc-6.3-arm32-eabi/arm-none-eabi/newlib/lib/thumb/v7e-m/fpv4-sp/hard\libc_nano.a(lib_a-nano-vfprintf_i.o)
 .rodata._scanf_float.str1.1
                0x00012d24        0x5 E:/NXP/S32DS_ARM_v2.2/S32DS/build_tools/gcc_v6.3/gcc-6.3-arm32-eabi/arm-none-eabi/newlib/lib/thumb/v7e-m/fpv4-sp/hard\libc_nano.a(lib_a-nano-vfscanf_float.o)
 .rodata._strtod_l.str1.1
                0x00012d29        0x5 E:/NXP/S32DS_ARM_v2.2/S32DS/build_tools/gcc_v6.3/gcc-6.3-arm32-eabi/arm-none-eabi/newlib/lib/thumb/v7e-m/fpv4-sp/hard\libc_nano.a(lib_a-strtod.o)
                                  0xc (size before relaxing)
 *fill*         0x00012d29        0x3 
 .rodata.fpi.7384
                0x00012d2c       0x14 E:/NXP/S32DS_ARM_v2.2/S32DS/build_tools/gcc_v6.3/gcc-6.3-arm32-eabi/arm-none-eabi/newlib/lib/thumb/v7e-m/fpv4-sp/hard\libc_nano.a(lib_a-strtod.o)
 .rodata.fpinan.7420
                0x00012d40       0x14 E:/NXP/S32DS_ARM_v2.2/S32DS/build_tools/gcc_v6.3/gcc-6.3-arm32-eabi/arm-none-eabi/newlib/lib/thumb/v7e-m/fpv4-sp/hard\libc_nano.a(lib_a-strtod.o)
 *fill*         0x00012d54        0x4 
 .rodata.tinytens
                0x00012d58       0x28 E:/NXP/S32DS_ARM_v2.2/S32DS/build_tools/gcc_v6.3/gcc-6.3-arm32-eabi/arm-none-eabi/newlib/lib/thumb/v7e-m/fpv4-sp/hard\libc_nano.a(lib_a-strtod.o)
 .rodata._dtoa_r.str1.1
                0x00012d80        0xd E:/NXP/S32DS_ARM_v2.2/S32DS/build_tools/gcc_v6.3/gcc-6.3-arm32-eabi/arm-none-eabi/newlib/lib/thumb/v7e-m/fpv4-sp/hard\libc_nano.a(lib_a-dtoa.o)
                                  0xf (size before relaxing)
 .rodata._setlocale_r.str1.1
                0x00012d8d        0x8 E:/NXP/S32DS_ARM_v2.2/S32DS/build_tools/gcc_v6.3/gcc-6.3-arm32-eabi/arm-none-eabi/newlib/lib/thumb/v7e-m/fpv4-sp/hard\libc_nano.a(lib_a-locale.o)
                                  0x9 (size before relaxing)
 .rodata.str1.1
                0x00012d95        0x2 E:/NXP/S32DS_ARM_v2.2/S32DS/build_tools/gcc_v6.3/gcc-6.3-arm32-eabi/arm-none-eabi/newlib/lib/thumb/v7e-m/fpv4-sp/hard\libc_nano.a(lib_a-locale.o)
 *fill*         0x00012d97        0x1 
 .rodata.__mprec_bigtens
                0x00012d98       0x28 E:/NXP/S32DS_ARM_v2.2/S32DS/build_tools/gcc_v6.3/gcc-6.3-arm32-eabi/arm-none-eabi/newlib/lib/thumb/v7e-m/fpv4-sp/hard\libc_nano.a(lib_a-mprec.o)
                0x00012d98                __mprec_bigtens
 .rodata.__mprec_tens
                0x00012dc0       0xc8 E:/NXP/S32DS_ARM_v2.2/S32DS/build_tools/gcc_v6.3/gcc-6.3-arm32-eabi/arm-none-eabi/newlib/lib/thumb/v7e-m/fpv4-sp/hard\libc_nano.a(lib_a-mprec.o)
                0x00012dc0                __mprec_tens
 .rodata.p05.7302
                0x00012e88        0xc E:/NXP/S32DS_ARM_v2.2/S32DS/build_tools/gcc_v6.3/gcc-6.3-arm32-eabi/arm-none-eabi/newlib/lib/thumb/v7e-m/fpv4-sp/hard\libc_nano.a(lib_a-mprec.o)
 .rodata._svfprintf_r.str1.1
                0x00012e94       0x11 E:/NXP/S32DS_ARM_v2.2/S32DS/build_tools/gcc_v6.3/gcc-6.3-arm32-eabi/arm-none-eabi/newlib/lib/thumb/v7e-m/fpv4-sp/hard\libc_nano.a(lib_a-nano-svfprintf.o)
 .rodata._ctype_
                0x00012ea5      0x101 E:/NXP/S32DS_ARM_v2.2/S32DS/build_tools/gcc_v6.3/gcc-6.3-arm32-eabi/arm-none-eabi/newlib/lib/thumb/v7e-m/fpv4-sp/hard\libc_nano.a(lib_a-ctype_.o)
                0x00012ea5                _ctype_
 *(.init)
 *fill*         0x00012fa6        0x2 
 .init          0x00012fa8        0x4 e:/nxp/s32ds_arm_v2.2/s32ds/build_tools/gcc_v6.3/gcc-6.3-arm32-eabi/bin/../lib/gcc/arm-none-eabi/6.3.1/thumb/v7e-m/fpv4-sp/hard/crti.o
                0x00012fa8                _init
 *(.fini)
 .fini          0x00012fac        0x4 e:/nxp/s32ds_arm_v2.2/s32ds/build_tools/gcc_v6.3/gcc-6.3-arm32-eabi/bin/../lib/gcc/arm-none-eabi/6.3.1/thumb/v7e-m/fpv4-sp/hard/crti.o
                0x00012fac                _fini
 *(.eh_frame)
                0x00012fb0                . = ALIGN (0x4)

.glue_7         0x00012fb0        0x0
 .glue_7        0x00012fb0        0x0 linker stubs

.glue_7t        0x00012fb0        0x0
 .glue_7t       0x00012fb0        0x0 linker stubs

.vfp11_veneer   0x00012fb0        0x0
 .vfp11_veneer  0x00012fb0        0x0 linker stubs

.v4_bx          0x00012fb0        0x0
 .v4_bx         0x00012fb0        0x0 linker stubs

.iplt           0x00012fb0        0x0
 .iplt          0x00012fb0        0x0 e:/nxp/s32ds_arm_v2.2/s32ds/build_tools/gcc_v6.3/gcc-6.3-arm32-eabi/bin/../lib/gcc/arm-none-eabi/6.3.1/thumb/v7e-m/fpv4-sp/hard/crtbegin.o

.rel.dyn        0x00012fb0        0x0
 .rel.iplt      0x00012fb0        0x0 e:/nxp/s32ds_arm_v2.2/s32ds/build_tools/gcc_v6.3/gcc-6.3-arm32-eabi/bin/../lib/gcc/arm-none-eabi/6.3.1/thumb/v7e-m/fpv4-sp/hard/crtbegin.o

.ARM            0x00012fb0        0x0
                0x00012fb0                __exidx_start = .
 *(.ARM.exidx*)
                0x00012fb0                __exidx_end = .
                0x00012fb0                __etext = .
                0x00012fb0                __DATA_ROM = .

.interrupts_ram
                0x1fff8000      0x400
                0x1fff8000                . = ALIGN (0x4)
                0x1fff8000                __VECTOR_RAM__ = .
                0x1fff8000                __RAM_START = .
                0x1fff8000                __interrupts_ram_start__ = .
 *(.m_interrupts_ram)
                0x1fff8400                . = (. + M_VECTOR_RAM_SIZE)
 *fill*         0x1fff8000      0x400 
                0x1fff8400                . = ALIGN (0x4)
                0x1fff8400                __interrupts_ram_end__ = .
                0x1fff8000                __VECTOR_RAM = DEFINED (__flash_vector_table__)?ORIGIN (m_interrupts):__VECTOR_RAM__
                0x00000400                __RAM_VECTOR_TABLE_SIZE = DEFINED (__flash_vector_table__)?0x0:(__interrupts_ram_end__ - __interrupts_ram_start__)

.data           0x1fff8400      0x33c load address 0x00012fb0
                0x1fff8400                . = ALIGN (0x4)
                0x1fff8400                __DATA_RAM = .
                0x1fff8400                __data_start__ = .
 *(.data)
 *(.data*)
 .data.peripheralClockConfig0
                0x1fff8400       0x4b ./Generated_Code/clockMan1.o
                0x1fff8400                peripheralClockConfig0
 *fill*         0x1fff844b        0x1 
 .data.clockMan1_InitConfig0
                0x1fff844c       0x78 ./Generated_Code/clockMan1.o
                0x1fff844c                clockMan1_InitConfig0
 .data.g_clockManConfigsArr
                0x1fff84c4        0x4 ./Generated_Code/clockMan1.o
                0x1fff84c4                g_clockManConfigsArr
 .data.peripheralClockConfig.7360
                0x1fff84c8       0xa0 ./SDK/platform/drivers/src/clock/S32K1xx/clock_S32K1xx.o
 .data.fac_us   0x1fff8568        0x4 ./Sources/HardwareLib/latency.o
 .data._impure_ptr
                0x1fff856c        0x4 E:/NXP/S32DS_ARM_v2.2/S32DS/build_tools/gcc_v6.3/gcc-6.3-arm32-eabi/arm-none-eabi/newlib/lib/thumb/v7e-m/fpv4-sp/hard\libc_nano.a(lib_a-impure.o)
                0x1fff856c                _impure_ptr
 .data.impure_data
                0x1fff8570       0x60 E:/NXP/S32DS_ARM_v2.2/S32DS/build_tools/gcc_v6.3/gcc-6.3-arm32-eabi/arm-none-eabi/newlib/lib/thumb/v7e-m/fpv4-sp/hard\libc_nano.a(lib_a-impure.o)
 .data.__global_locale
                0x1fff85d0      0x16c E:/NXP/S32DS_ARM_v2.2/S32DS/build_tools/gcc_v6.3/gcc-6.3-arm32-eabi/arm-none-eabi/newlib/lib/thumb/v7e-m/fpv4-sp/hard\libc_nano.a(lib_a-locale.o)
                0x1fff85d0                __global_locale
                0x1fff873c                . = ALIGN (0x4)
                0x1fff873c                __data_end__ = .
                0x000132ec                __DATA_END = (__DATA_ROM + (__data_end__ - __data_start__))
                0x000132ec                __CODE_ROM = __DATA_END

.igot.plt       0x1fff873c        0x0 load address 0x000132ec
 .igot.plt      0x1fff873c        0x0 e:/nxp/s32ds_arm_v2.2/s32ds/build_tools/gcc_v6.3/gcc-6.3-arm32-eabi/bin/../lib/gcc/arm-none-eabi/6.3.1/thumb/v7e-m/fpv4-sp/hard/crtbegin.o

.code           0x1fff873c        0x0 load address 0x000132ec
                0x1fff873c                . = ALIGN (0x4)
                0x1fff873c                __CODE_RAM = .
                0x1fff873c                __code_start__ = .
                0x1fff873c                __code_ram_start__ = .
 *(.code_ram)
                0x1fff873c                . = ALIGN (0x4)
                0x1fff873c                __code_end__ = .
                0x1fff873c                __code_ram_end__ = .
                0x000132ec                __CODE_END = (__CODE_ROM + (__code_end__ - __code_start__))
                0x000132ec                __CUSTOM_ROM = __CODE_END

.customSectionBlock
                0x20000000        0x0 load address 0x000132ec
                0x20000000                __customSection_start__ = .
 *(.customSection)
                0x20000000                __customSection_end__ = .
                0x000132ec                __CUSTOM_END = (__CUSTOM_ROM + (__customSection_end__ - __customSection_start__))
                0x000132ec                __rom_end = __CUSTOM_END

.bss            0x20000000      0xb4c
                0x20000000                . = ALIGN (0x4)
                0x20000000                __BSS_START = .
                0x20000000                __bss_start__ = .
 *(.bss)
 *(.bss*)
 .bss.g_clockManCallbacksArr
                0x20000000        0x4 ./Generated_Code/clockMan1.o
                0x20000000                g_clockManCallbacksArr
 .bss.g_clockState
                0x20000004       0x10 ./SDK/platform/drivers/src/clock/S32K1xx/clock_S32K1xx.o
 .bss.g_TClkFreq
                0x20000014        0xc ./SDK/platform/drivers/src/clock/S32K1xx/clock_S32K1xx.o
                0x20000014                g_TClkFreq
 .bss.g_RtcClkInFreq
                0x20000020        0x4 ./SDK/platform/drivers/src/clock/S32K1xx/clock_S32K1xx.o
                0x20000020                g_RtcClkInFreq
 .bss.g_xtal0ClkFreq
                0x20000024        0x4 ./SDK/platform/drivers/src/clock/S32K1xx/clock_S32K1xx.o
                0x20000024                g_xtal0ClkFreq
 .bss.s_virtEdmaState
                0x20000028        0x4 ./SDK/platform/drivers/src/edma/edma_driver.o
 .bss.g_interruptDisableCount
                0x2000002c        0x4 ./SDK/platform/drivers/src/interrupt/interrupt_manager.o
 .bss.s_osif_tick_cnt
                0x20000030        0x4 ./SDK/rtos/osif/osif_baremetal.o
 .bss.LPSPI_GRAM
                0x20000034      0x480 ./Sources/HardwareLib/LPSPI_oled.o
                0x20000034                LPSPI_GRAM
 .bss.LPUART1_TX_BUF
                0x200004b4       0xc8 ./Sources/HardwareLib/LPUART.o
                0x200004b4                LPUART1_TX_BUF
 .bss.receivebuff
                0x2000057c       0xc8 ./Sources/HardwareLib/LPUART.o
                0x2000057c                receivebuff
 .bss.rev_i     0x20000644        0x2 ./Sources/HardwareLib/LPUART.o
                0x20000644                rev_i
 *fill*         0x20000646        0x2 
 .bss.SPI_OLED_GRAM
                0x20000648      0x480 ./Sources/HardwareLib/SPI_OLED.o
                0x20000648                SPI_OLED_GRAM
 .bss.interval_t_100ns
                0x20000ac8        0x4 ./Sources/HardwareLib/UART_IO.o
                0x20000ac8                interval_t_100ns
 .bss.interval_half_100ns
                0x20000acc        0x4 ./Sources/HardwareLib/UART_IO.o
                0x20000acc                interval_half_100ns
 .bss.i_c       0x20000ad0        0x2 ./Sources/HardwareLib/UART_IO.o
                0x20000ad0                i_c
 *fill*         0x20000ad2        0x2 
 .bss.str_buf   0x20000ad4       0x64 ./Sources/HardwareLib/UART_IO.o
                0x20000ad4                str_buf
 .bss.uart1     0x20000b38        0x4 ./Sources/main.o
                0x20000b38                uart1
 .bss.__malloc_free_list
                0x20000b3c        0x4 E:/NXP/S32DS_ARM_v2.2/S32DS/build_tools/gcc_v6.3/gcc-6.3-arm32-eabi/arm-none-eabi/newlib/lib/thumb/v7e-m/fpv4-sp/hard\libc_nano.a(lib_a-nano-mallocr.o)
                0x20000b3c                __malloc_free_list
 .bss.__malloc_sbrk_start
                0x20000b40        0x4 E:/NXP/S32DS_ARM_v2.2/S32DS/build_tools/gcc_v6.3/gcc-6.3-arm32-eabi/arm-none-eabi/newlib/lib/thumb/v7e-m/fpv4-sp/hard\libc_nano.a(lib_a-nano-mallocr.o)
                0x20000b40                __malloc_sbrk_start
 .bss.heap_end.5365
                0x20000b44        0x4 E:/NXP/S32DS_ARM_v2.2/S32DS/build_tools/gcc_v6.3/gcc-6.3-arm32-eabi/arm-none-eabi/newlib/lib/thumb/v7e-m/fpv4-sp/hard\libnosys.a(sbrk.o)
 *(COMMON)
 COMMON         0x20000b48        0x4 E:/NXP/S32DS_ARM_v2.2/S32DS/build_tools/gcc_v6.3/gcc-6.3-arm32-eabi/arm-none-eabi/newlib/lib/thumb/v7e-m/fpv4-sp/hard\libc_nano.a(lib_a-reent.o)
                0x20000b48                errno
                0x20000b4c                . = ALIGN (0x4)
                0x20000b4c                __bss_end__ = .
                0x20000b4c                __BSS_END = .

.heap           0x20000b4c      0x404
                0x20000b50                . = ALIGN (0x8)
 *fill*         0x20000b4c        0x4 
                0x20000b50                __end__ = .
                0x20000b50                __heap_start__ = .
                0x20000b50                PROVIDE (end, .)
                [!provide]                PROVIDE (_end, .)
                [!provide]                PROVIDE (__end, .)
                0x20000b50                __HeapBase = .
                0x20000f50                . = (. + HEAP_SIZE)
 *fill*         0x20000b50      0x400 
                0x20000f50                __HeapLimit = .
                0x20000f50                __heap_limit = .
                0x20000f50                __heap_end__ = .
                0x20007000                __StackTop = (ORIGIN (m_data_2) + LENGTH (m_data_2))
                0x20006c00                __StackLimit = (__StackTop - STACK_SIZE)
                0x20007000                PROVIDE (__stack, __StackTop)
                0x20007000                __RAM_END = __StackTop

.stack          0x20006c00      0x400
                0x20006c00                . = ALIGN (0x8)
                0x20006c00                __stack_start__ = .
                0x20007000                . = (. + STACK_SIZE)
 *fill*         0x20006c00      0x400 
                0x20007000                __stack_end__ = .

.ARM.attributes
                0x00000000       0x30
 *(.ARM.attributes)
 .ARM.attributes
                0x00000000       0x22 e:/nxp/s32ds_arm_v2.2/s32ds/build_tools/gcc_v6.3/gcc-6.3-arm32-eabi/bin/../lib/gcc/arm-none-eabi/6.3.1/thumb/v7e-m/fpv4-sp/hard/crti.o
 .ARM.attributes
                0x00000022       0x39 ./Generated_Code/clockMan1.o
 .ARM.attributes
                0x0000005b       0x1f ./Project_Settings/Startup_Code/startup_S32K144.o
 .ARM.attributes
                0x0000007a       0x39 ./SDK/platform/devices/S32K144/startup/system_S32K144.o
 .ARM.attributes
                0x000000b3       0x39 ./SDK/platform/devices/startup.o
 .ARM.attributes
                0x000000ec       0x39 ./SDK/platform/drivers/src/clock/S32K1xx/clock_S32K1xx.o
 .ARM.attributes
                0x00000125       0x39 ./SDK/platform/drivers/src/edma/edma_driver.o
 .ARM.attributes
                0x0000015e       0x39 ./SDK/platform/drivers/src/edma/edma_hw_access.o
 .ARM.attributes
                0x00000197       0x39 ./SDK/platform/drivers/src/edma/edma_irq.o
 .ARM.attributes
                0x000001d0       0x39 ./SDK/platform/drivers/src/interrupt/interrupt_manager.o
 .ARM.attributes
                0x00000209       0x39 ./SDK/rtos/osif/osif_baremetal.o
 .ARM.attributes
                0x00000242       0x39 ./Sources/HardwareLib/GPIO_init.o
 .ARM.attributes
                0x0000027b       0x39 ./Sources/HardwareLib/LPSPI.o
 .ARM.attributes
                0x000002b4       0x39 ./Sources/HardwareLib/LPSPI_oled.o
 .ARM.attributes
                0x000002ed       0x39 ./Sources/HardwareLib/LPTMR.o
 .ARM.attributes
                0x00000326       0x39 ./Sources/HardwareLib/LPUART.o
 .ARM.attributes
                0x0000035f       0x39 ./Sources/HardwareLib/LP_IT_timer.o
 .ARM.attributes
                0x00000398       0x39 ./Sources/HardwareLib/OLED_FONT.o
 .ARM.attributes
                0x000003d1       0x39 ./Sources/HardwareLib/SPI_OLED.o
 .ARM.attributes
                0x0000040a       0x39 ./Sources/HardwareLib/UART_IO.o
 .ARM.attributes
                0x00000443       0x39 ./Sources/HardwareLib/latency.o
 .ARM.attributes
                0x0000047c       0x39 ./Sources/main.o
 .ARM.attributes
                0x000004b5       0x34 E:/NXP/S32DS_ARM_v2.2/S32DS/build_tools/gcc_v6.3/gcc-6.3-arm32-eabi/arm-none-eabi/newlib/lib/thumb/v7e-m/fpv4-sp/hard\libc_nano.a(lib_a-impure.o)
 .ARM.attributes
                0x000004e9       0x34 E:/NXP/S32DS_ARM_v2.2/S32DS/build_tools/gcc_v6.3/gcc-6.3-arm32-eabi/arm-none-eabi/newlib/lib/thumb/v7e-m/fpv4-sp/hard\libc_nano.a(lib_a-memset.o)
 .ARM.attributes
                0x0000051d       0x34 E:/NXP/S32DS_ARM_v2.2/S32DS/build_tools/gcc_v6.3/gcc-6.3-arm32-eabi/arm-none-eabi/newlib/lib/thumb/v7e-m/fpv4-sp/hard\libc_nano.a(lib_a-nano-vfprintf_float.o)
 .ARM.attributes
                0x00000551       0x34 E:/NXP/S32DS_ARM_v2.2/S32DS/build_tools/gcc_v6.3/gcc-6.3-arm32-eabi/arm-none-eabi/newlib/lib/thumb/v7e-m/fpv4-sp/hard\libc_nano.a(lib_a-nano-vfprintf_i.o)
 .ARM.attributes
                0x00000585       0x34 E:/NXP/S32DS_ARM_v2.2/S32DS/build_tools/gcc_v6.3/gcc-6.3-arm32-eabi/arm-none-eabi/newlib/lib/thumb/v7e-m/fpv4-sp/hard\libc_nano.a(lib_a-nano-vfscanf_float.o)
 .ARM.attributes
                0x000005b9       0x34 E:/NXP/S32DS_ARM_v2.2/S32DS/build_tools/gcc_v6.3/gcc-6.3-arm32-eabi/arm-none-eabi/newlib/lib/thumb/v7e-m/fpv4-sp/hard\libc_nano.a(lib_a-sf_nan.o)
 .ARM.attributes
                0x000005ed       0x34 E:/NXP/S32DS_ARM_v2.2/S32DS/build_tools/gcc_v6.3/gcc-6.3-arm32-eabi/arm-none-eabi/newlib/lib/thumb/v7e-m/fpv4-sp/hard\libc_nano.a(lib_a-sprintf.o)
 .ARM.attributes
                0x00000621       0x1b E:/NXP/S32DS_ARM_v2.2/S32DS/build_tools/gcc_v6.3/gcc-6.3-arm32-eabi/arm-none-eabi/newlib/lib/thumb/v7e-m/fpv4-sp/hard\libc_nano.a(lib_a-strlen.o)
 .ARM.attributes
                0x0000063c       0x34 E:/NXP/S32DS_ARM_v2.2/S32DS/build_tools/gcc_v6.3/gcc-6.3-arm32-eabi/arm-none-eabi/newlib/lib/thumb/v7e-m/fpv4-sp/hard\libc_nano.a(lib_a-strtod.o)
 .ARM.attributes
                0x00000670       0x34 E:/NXP/S32DS_ARM_v2.2/S32DS/build_tools/gcc_v6.3/gcc-6.3-arm32-eabi/arm-none-eabi/newlib/lib/thumb/v7e-m/fpv4-sp/hard\libc_nano.a(lib_a-strtol.o)
 .ARM.attributes
                0x000006a4       0x34 E:/NXP/S32DS_ARM_v2.2/S32DS/build_tools/gcc_v6.3/gcc-6.3-arm32-eabi/arm-none-eabi/newlib/lib/thumb/v7e-m/fpv4-sp/hard\libc_nano.a(lib_a-vsprintf.o)
 .ARM.attributes
                0x000006d8       0x34 E:/NXP/S32DS_ARM_v2.2/S32DS/build_tools/gcc_v6.3/gcc-6.3-arm32-eabi/arm-none-eabi/newlib/lib/thumb/v7e-m/fpv4-sp/hard\libc_nano.a(lib_a-dtoa.o)
 .ARM.attributes
                0x0000070c       0x34 E:/NXP/S32DS_ARM_v2.2/S32DS/build_tools/gcc_v6.3/gcc-6.3-arm32-eabi/arm-none-eabi/newlib/lib/thumb/v7e-m/fpv4-sp/hard\libc_nano.a(lib_a-gdtoa-gethex.o)
 .ARM.attributes
                0x00000740       0x34 E:/NXP/S32DS_ARM_v2.2/S32DS/build_tools/gcc_v6.3/gcc-6.3-arm32-eabi/arm-none-eabi/newlib/lib/thumb/v7e-m/fpv4-sp/hard\libc_nano.a(lib_a-gdtoa-hexnan.o)
 .ARM.attributes
                0x00000774       0x34 E:/NXP/S32DS_ARM_v2.2/S32DS/build_tools/gcc_v6.3/gcc-6.3-arm32-eabi/arm-none-eabi/newlib/lib/thumb/v7e-m/fpv4-sp/hard\libc_nano.a(lib_a-localeconv.o)
 .ARM.attributes
                0x000007a8       0x34 E:/NXP/S32DS_ARM_v2.2/S32DS/build_tools/gcc_v6.3/gcc-6.3-arm32-eabi/arm-none-eabi/newlib/lib/thumb/v7e-m/fpv4-sp/hard\libc_nano.a(lib_a-locale.o)
 .ARM.attributes
                0x000007dc       0x34 E:/NXP/S32DS_ARM_v2.2/S32DS/build_tools/gcc_v6.3/gcc-6.3-arm32-eabi/arm-none-eabi/newlib/lib/thumb/v7e-m/fpv4-sp/hard\libc_nano.a(lib_a-malloc.o)
 .ARM.attributes
                0x00000810       0x34 E:/NXP/S32DS_ARM_v2.2/S32DS/build_tools/gcc_v6.3/gcc-6.3-arm32-eabi/arm-none-eabi/newlib/lib/thumb/v7e-m/fpv4-sp/hard\libc_nano.a(lib_a-mbtowc_r.o)
 .ARM.attributes
                0x00000844       0x20 E:/NXP/S32DS_ARM_v2.2/S32DS/build_tools/gcc_v6.3/gcc-6.3-arm32-eabi/arm-none-eabi/newlib/lib/thumb/v7e-m/fpv4-sp/hard\libc_nano.a(lib_a-memchr.o)
 .ARM.attributes
                0x00000864       0x34 E:/NXP/S32DS_ARM_v2.2/S32DS/build_tools/gcc_v6.3/gcc-6.3-arm32-eabi/arm-none-eabi/newlib/lib/thumb/v7e-m/fpv4-sp/hard\libc_nano.a(lib_a-memcpy-stub.o)
 .ARM.attributes
                0x00000898       0x34 E:/NXP/S32DS_ARM_v2.2/S32DS/build_tools/gcc_v6.3/gcc-6.3-arm32-eabi/arm-none-eabi/newlib/lib/thumb/v7e-m/fpv4-sp/hard\libc_nano.a(lib_a-mprec.o)
 .ARM.attributes
                0x000008cc       0x34 E:/NXP/S32DS_ARM_v2.2/S32DS/build_tools/gcc_v6.3/gcc-6.3-arm32-eabi/arm-none-eabi/newlib/lib/thumb/v7e-m/fpv4-sp/hard\libc_nano.a(lib_a-nano-callocr.o)
 .ARM.attributes
                0x00000900       0x34 E:/NXP/S32DS_ARM_v2.2/S32DS/build_tools/gcc_v6.3/gcc-6.3-arm32-eabi/arm-none-eabi/newlib/lib/thumb/v7e-m/fpv4-sp/hard\libc_nano.a(lib_a-nano-freer.o)
 .ARM.attributes
                0x00000934       0x34 E:/NXP/S32DS_ARM_v2.2/S32DS/build_tools/gcc_v6.3/gcc-6.3-arm32-eabi/arm-none-eabi/newlib/lib/thumb/v7e-m/fpv4-sp/hard\libc_nano.a(lib_a-nano-mallocr.o)
 .ARM.attributes
                0x00000968       0x34 E:/NXP/S32DS_ARM_v2.2/S32DS/build_tools/gcc_v6.3/gcc-6.3-arm32-eabi/arm-none-eabi/newlib/lib/thumb/v7e-m/fpv4-sp/hard\libc_nano.a(lib_a-nano-svfprintf.o)
 .ARM.attributes
                0x0000099c       0x34 E:/NXP/S32DS_ARM_v2.2/S32DS/build_tools/gcc_v6.3/gcc-6.3-arm32-eabi/arm-none-eabi/newlib/lib/thumb/v7e-m/fpv4-sp/hard\libc_nano.a(lib_a-sbrkr.o)
 .ARM.attributes
                0x000009d0       0x34 E:/NXP/S32DS_ARM_v2.2/S32DS/build_tools/gcc_v6.3/gcc-6.3-arm32-eabi/arm-none-eabi/newlib/lib/thumb/v7e-m/fpv4-sp/hard\libc_nano.a(lib_a-strncmp.o)
 .ARM.attributes
                0x00000a04       0x34 E:/NXP/S32DS_ARM_v2.2/S32DS/build_tools/gcc_v6.3/gcc-6.3-arm32-eabi/arm-none-eabi/newlib/lib/thumb/v7e-m/fpv4-sp/hard\libc_nano.a(lib_a-wctomb_r.o)
 .ARM.attributes
                0x00000a38       0x34 E:/NXP/S32DS_ARM_v2.2/S32DS/build_tools/gcc_v6.3/gcc-6.3-arm32-eabi/arm-none-eabi/newlib/lib/thumb/v7e-m/fpv4-sp/hard\libc_nano.a(lib_a-ctype_.o)
 .ARM.attributes
                0x00000a6c       0x34 E:/NXP/S32DS_ARM_v2.2/S32DS/build_tools/gcc_v6.3/gcc-6.3-arm32-eabi/arm-none-eabi/newlib/lib/thumb/v7e-m/fpv4-sp/hard\libc_nano.a(lib_a-memmove.o)
 .ARM.attributes
                0x00000aa0       0x34 E:/NXP/S32DS_ARM_v2.2/S32DS/build_tools/gcc_v6.3/gcc-6.3-arm32-eabi/arm-none-eabi/newlib/lib/thumb/v7e-m/fpv4-sp/hard\libc_nano.a(lib_a-mlock.o)
 .ARM.attributes
                0x00000ad4       0x34 E:/NXP/S32DS_ARM_v2.2/S32DS/build_tools/gcc_v6.3/gcc-6.3-arm32-eabi/arm-none-eabi/newlib/lib/thumb/v7e-m/fpv4-sp/hard\libc_nano.a(lib_a-nano-reallocr.o)
 .ARM.attributes
                0x00000b08       0x34 E:/NXP/S32DS_ARM_v2.2/S32DS/build_tools/gcc_v6.3/gcc-6.3-arm32-eabi/arm-none-eabi/newlib/lib/thumb/v7e-m/fpv4-sp/hard\libc_nano.a(lib_a-reent.o)
 .ARM.attributes
                0x00000b3c       0x34 E:/NXP/S32DS_ARM_v2.2/S32DS/build_tools/gcc_v6.3/gcc-6.3-arm32-eabi/arm-none-eabi/newlib/lib/thumb/v7e-m/fpv4-sp/hard\libc_nano.a(lib_a-nano-msizer.o)
 .ARM.attributes
                0x00000b70       0x22 e:/nxp/s32ds_arm_v2.2/s32ds/build_tools/gcc_v6.3/gcc-6.3-arm32-eabi/bin/../lib/gcc/arm-none-eabi/6.3.1/thumb/v7e-m/fpv4-sp/hard\libgcc.a(_arm_addsubdf3.o)
 .ARM.attributes
                0x00000b92       0x22 e:/nxp/s32ds_arm_v2.2/s32ds/build_tools/gcc_v6.3/gcc-6.3-arm32-eabi/bin/../lib/gcc/arm-none-eabi/6.3.1/thumb/v7e-m/fpv4-sp/hard\libgcc.a(_arm_muldivdf3.o)
 .ARM.attributes
                0x00000bb4       0x22 e:/nxp/s32ds_arm_v2.2/s32ds/build_tools/gcc_v6.3/gcc-6.3-arm32-eabi/bin/../lib/gcc/arm-none-eabi/6.3.1/thumb/v7e-m/fpv4-sp/hard\libgcc.a(_arm_cmpdf2.o)
 .ARM.attributes
                0x00000bd6       0x22 e:/nxp/s32ds_arm_v2.2/s32ds/build_tools/gcc_v6.3/gcc-6.3-arm32-eabi/bin/../lib/gcc/arm-none-eabi/6.3.1/thumb/v7e-m/fpv4-sp/hard\libgcc.a(_arm_unorddf2.o)
 .ARM.attributes
                0x00000bf8       0x22 e:/nxp/s32ds_arm_v2.2/s32ds/build_tools/gcc_v6.3/gcc-6.3-arm32-eabi/bin/../lib/gcc/arm-none-eabi/6.3.1/thumb/v7e-m/fpv4-sp/hard\libgcc.a(_arm_fixdfsi.o)
 .ARM.attributes
                0x00000c1a       0x22 e:/nxp/s32ds_arm_v2.2/s32ds/build_tools/gcc_v6.3/gcc-6.3-arm32-eabi/bin/../lib/gcc/arm-none-eabi/6.3.1/thumb/v7e-m/fpv4-sp/hard\libgcc.a(_arm_fixunsdfsi.o)
 .ARM.attributes
                0x00000c3c       0x22 e:/nxp/s32ds_arm_v2.2/s32ds/build_tools/gcc_v6.3/gcc-6.3-arm32-eabi/bin/../lib/gcc/arm-none-eabi/6.3.1/thumb/v7e-m/fpv4-sp/hard\libgcc.a(_arm_truncdfsf2.o)
 .ARM.attributes
                0x00000c5e       0x34 E:/NXP/S32DS_ARM_v2.2/S32DS/build_tools/gcc_v6.3/gcc-6.3-arm32-eabi/arm-none-eabi/newlib/lib/thumb/v7e-m/fpv4-sp/hard\libnosys.a(sbrk.o)
                0x00000001                ASSERT ((__rom_end <= (ORIGIN (m_text) + LENGTH (m_text))), Region m_text overflowed!)
                0x00000001                ASSERT ((__StackLimit >= __HeapLimit), region m_data_2 overflowed with stack and heap)
OUTPUT(IO_Emulate_S32K144_SDK.elf elf32-littlearm)

.debug_info     0x00000000    0x11788
 .debug_info    0x00000000     0x19dd ./Generated_Code/clockMan1.o
 .debug_info    0x000019dd       0x26 ./Project_Settings/Startup_Code/startup_S32K144.o
 .debug_info    0x00001a03      0x51e ./SDK/platform/devices/S32K144/startup/system_S32K144.o
 .debug_info    0x00001f21      0x46d ./SDK/platform/devices/startup.o
 .debug_info    0x0000238e     0x3e7a ./SDK/platform/drivers/src/clock/S32K1xx/clock_S32K1xx.o
 .debug_info    0x00006208     0x2a16 ./SDK/platform/drivers/src/edma/edma_driver.o
 .debug_info    0x00008c1e      0x939 ./SDK/platform/drivers/src/edma/edma_hw_access.o
 .debug_info    0x00009557      0x53f ./SDK/platform/drivers/src/edma/edma_irq.o
 .debug_info    0x00009a96      0x9a7 ./SDK/platform/drivers/src/interrupt/interrupt_manager.o
 .debug_info    0x0000a43d      0x903 ./SDK/rtos/osif/osif_baremetal.o
 .debug_info    0x0000ad40      0x363 ./Sources/HardwareLib/GPIO_init.o
 .debug_info    0x0000b0a3      0x343 ./Sources/HardwareLib/LPSPI.o
 .debug_info    0x0000b3e6      0x631 ./Sources/HardwareLib/LPSPI_oled.o
 .debug_info    0x0000ba17      0x753 ./Sources/HardwareLib/LPTMR.o
 .debug_info    0x0000c16a      0xf66 ./Sources/HardwareLib/LPUART.o
 .debug_info    0x0000d0d0      0x7b5 ./Sources/HardwareLib/LP_IT_timer.o
 .debug_info    0x0000d885      0x12e ./Sources/HardwareLib/OLED_FONT.o
 .debug_info    0x0000d9b3      0x7a4 ./Sources/HardwareLib/SPI_OLED.o
 .debug_info    0x0000e157     0x1199 ./Sources/HardwareLib/UART_IO.o
 .debug_info    0x0000f2f0      0x21e ./Sources/HardwareLib/latency.o
 .debug_info    0x0000f50e     0x227a ./Sources/main.o

.debug_abbrev   0x00000000     0x2109
 .debug_abbrev  0x00000000      0x143 ./Generated_Code/clockMan1.o
 .debug_abbrev  0x00000143       0x14 ./Project_Settings/Startup_Code/startup_S32K144.o
 .debug_abbrev  0x00000157      0x122 ./SDK/platform/devices/S32K144/startup/system_S32K144.o
 .debug_abbrev  0x00000279      0x105 ./SDK/platform/devices/startup.o
 .debug_abbrev  0x0000037e      0x2ca ./SDK/platform/drivers/src/clock/S32K1xx/clock_S32K1xx.o
 .debug_abbrev  0x00000648      0x2ac ./SDK/platform/drivers/src/edma/edma_driver.o
 .debug_abbrev  0x000008f4      0x1c9 ./SDK/platform/drivers/src/edma/edma_hw_access.o
 .debug_abbrev  0x00000abd      0x166 ./SDK/platform/drivers/src/edma/edma_irq.o
 .debug_abbrev  0x00000c23      0x1b3 ./SDK/platform/drivers/src/interrupt/interrupt_manager.o
 .debug_abbrev  0x00000dd6      0x229 ./SDK/rtos/osif/osif_baremetal.o
 .debug_abbrev  0x00000fff      0x113 ./Sources/HardwareLib/GPIO_init.o
 .debug_abbrev  0x00001112       0xdd ./Sources/HardwareLib/LPSPI.o
 .debug_abbrev  0x000011ef      0x182 ./Sources/HardwareLib/LPSPI_oled.o
 .debug_abbrev  0x00001371      0x188 ./Sources/HardwareLib/LPTMR.o
 .debug_abbrev  0x000014f9      0x290 ./Sources/HardwareLib/LPUART.o
 .debug_abbrev  0x00001789      0x18a ./Sources/HardwareLib/LP_IT_timer.o
 .debug_abbrev  0x00001913       0x6f ./Sources/HardwareLib/OLED_FONT.o
 .debug_abbrev  0x00001982      0x188 ./Sources/HardwareLib/SPI_OLED.o
 .debug_abbrev  0x00001b0a      0x2d7 ./Sources/HardwareLib/UART_IO.o
 .debug_abbrev  0x00001de1      0x123 ./Sources/HardwareLib/latency.o
 .debug_abbrev  0x00001f04      0x205 ./Sources/main.o

.debug_aranges  0x00000000      0xcd0
 .debug_aranges
                0x00000000       0x18 ./Generated_Code/clockMan1.o
 .debug_aranges
                0x00000018       0x20 ./Project_Settings/Startup_Code/startup_S32K144.o
 .debug_aranges
                0x00000038       0x30 ./SDK/platform/devices/S32K144/startup/system_S32K144.o
 .debug_aranges
                0x00000068       0x20 ./SDK/platform/devices/startup.o
 .debug_aranges
                0x00000088      0x470 ./SDK/platform/drivers/src/clock/S32K1xx/clock_S32K1xx.o
 .debug_aranges
                0x000004f8      0x220 ./SDK/platform/drivers/src/edma/edma_driver.o
 .debug_aranges
                0x00000718       0x88 ./SDK/platform/drivers/src/edma/edma_hw_access.o
 .debug_aranges
                0x000007a0       0xa8 ./SDK/platform/drivers/src/edma/edma_irq.o
 .debug_aranges
                0x00000848       0x70 ./SDK/platform/drivers/src/interrupt/interrupt_manager.o
 .debug_aranges
                0x000008b8       0x98 ./SDK/rtos/osif/osif_baremetal.o
 .debug_aranges
                0x00000950       0x30 ./Sources/HardwareLib/GPIO_init.o
 .debug_aranges
                0x00000980       0x28 ./Sources/HardwareLib/LPSPI.o
 .debug_aranges
                0x000009a8       0xa0 ./Sources/HardwareLib/LPSPI_oled.o
 .debug_aranges
                0x00000a48       0x38 ./Sources/HardwareLib/LPTMR.o
 .debug_aranges
                0x00000a80       0x48 ./Sources/HardwareLib/LPUART.o
 .debug_aranges
                0x00000ac8       0x30 ./Sources/HardwareLib/LP_IT_timer.o
 .debug_aranges
                0x00000af8       0x18 ./Sources/HardwareLib/OLED_FONT.o
 .debug_aranges
                0x00000b10       0xd0 ./Sources/HardwareLib/SPI_OLED.o
 .debug_aranges
                0x00000be0       0x88 ./Sources/HardwareLib/UART_IO.o
 .debug_aranges
                0x00000c68       0x40 ./Sources/HardwareLib/latency.o
 .debug_aranges
                0x00000ca8       0x28 ./Sources/main.o

.debug_line     0x00000000     0x57a1
 .debug_line    0x00000000      0x397 ./Generated_Code/clockMan1.o
 .debug_line    0x00000397       0x82 ./Project_Settings/Startup_Code/startup_S32K144.o
 .debug_line    0x00000419      0x21b ./SDK/platform/devices/S32K144/startup/system_S32K144.o
 .debug_line    0x00000634      0x1b2 ./SDK/platform/devices/startup.o
 .debug_line    0x000007e6     0x15e7 ./SDK/platform/drivers/src/clock/S32K1xx/clock_S32K1xx.o
 .debug_line    0x00001dcd      0xc17 ./SDK/platform/drivers/src/edma/edma_driver.o
 .debug_line    0x000029e4      0x3e0 ./SDK/platform/drivers/src/edma/edma_hw_access.o
 .debug_line    0x00002dc4      0x326 ./SDK/platform/drivers/src/edma/edma_irq.o
 .debug_line    0x000030ea      0x3ba ./SDK/platform/drivers/src/interrupt/interrupt_manager.o
 .debug_line    0x000034a4      0x3df ./SDK/rtos/osif/osif_baremetal.o
 .debug_line    0x00003883      0x1f6 ./Sources/HardwareLib/GPIO_init.o
 .debug_line    0x00003a79      0x1d8 ./Sources/HardwareLib/LPSPI.o
 .debug_line    0x00003c51      0x41d ./Sources/HardwareLib/LPSPI_oled.o
 .debug_line    0x0000406e      0x204 ./Sources/HardwareLib/LPTMR.o
 .debug_line    0x00004272      0x2f9 ./Sources/HardwareLib/LPUART.o
 .debug_line    0x0000456b      0x1ed ./Sources/HardwareLib/LP_IT_timer.o
 .debug_line    0x00004758       0x52 ./Sources/HardwareLib/OLED_FONT.o
 .debug_line    0x000047aa      0x4a7 ./Sources/HardwareLib/SPI_OLED.o
 .debug_line    0x00004c51      0x3b9 ./Sources/HardwareLib/UART_IO.o
 .debug_line    0x0000500a      0x278 ./Sources/HardwareLib/latency.o
 .debug_line    0x00005282      0x51f ./Sources/main.o

.debug_str      0x00000000     0x7094
 .debug_str     0x00000000     0x2e21 ./Generated_Code/clockMan1.o
                               0x2ed0 (size before relaxing)
 .debug_str     0x00002e21       0x3f ./Project_Settings/Startup_Code/startup_S32K144.o
                                 0x88 (size before relaxing)
 .debug_str     0x00002e60      0x1e2 ./SDK/platform/devices/S32K144/startup/system_S32K144.o
                                0x442 (size before relaxing)
 .debug_str     0x00003042      0x20c ./SDK/platform/devices/startup.o
                                0x4d6 (size before relaxing)
 .debug_str     0x0000324e     0x152c ./SDK/platform/drivers/src/clock/S32K1xx/clock_S32K1xx.o
                               0x3910 (size before relaxing)
 .debug_str     0x0000477a     0x15f3 ./SDK/platform/drivers/src/edma/edma_driver.o
                               0x2c99 (size before relaxing)
 .debug_str     0x00005d6d      0x176 ./SDK/platform/drivers/src/edma/edma_hw_access.o
                                0x7f3 (size before relaxing)
 .debug_str     0x00005ee3      0x162 ./SDK/platform/drivers/src/edma/edma_irq.o
                                0x4c0 (size before relaxing)
 .debug_str     0x00006045      0x1d6 ./SDK/platform/drivers/src/interrupt/interrupt_manager.o
                                0xb87 (size before relaxing)
 .debug_str     0x0000621b      0x1db ./SDK/rtos/osif/osif_baremetal.o
                               0x109b (size before relaxing)
 .debug_str     0x000063f6       0x67 ./Sources/HardwareLib/GPIO_init.o
                                0x332 (size before relaxing)
 .debug_str     0x0000645d       0x6e ./Sources/HardwareLib/LPSPI.o
                                0x31a (size before relaxing)
 .debug_str     0x000064cb      0x17d ./Sources/HardwareLib/LPSPI_oled.o
                                0x40c (size before relaxing)
 .debug_str     0x00006648       0xb2 ./Sources/HardwareLib/LPTMR.o
                                0x9b4 (size before relaxing)
 .debug_str     0x000066fa      0x506 ./Sources/HardwareLib/LPUART.o
                                0xe1d (size before relaxing)
 .debug_str     0x00006c00       0x9d ./Sources/HardwareLib/LP_IT_timer.o
                                0x9e0 (size before relaxing)
 .debug_str     0x00006c9d       0x23 ./Sources/HardwareLib/OLED_FONT.o
                                0x252 (size before relaxing)
 .debug_str     0x00006cc0      0x1b4 ./Sources/HardwareLib/SPI_OLED.o
                                0x4ea (size before relaxing)
 .debug_str     0x00006e74      0x153 ./Sources/HardwareLib/UART_IO.o
                                0xee8 (size before relaxing)
 .debug_str     0x00006fc7       0x72 ./Sources/HardwareLib/latency.o
                                0x2bc (size before relaxing)
 .debug_str     0x00007039       0x5b ./Sources/main.o
                               0x2f05 (size before relaxing)

.comment        0x00000000       0xa0
 .comment       0x00000000       0xa0 ./Generated_Code/clockMan1.o
                                 0xa1 (size before relaxing)
 .comment       0x000000a0       0xa1 ./SDK/platform/devices/S32K144/startup/system_S32K144.o
 .comment       0x000000a0       0xa1 ./SDK/platform/devices/startup.o
 .comment       0x000000a0       0xa1 ./SDK/platform/drivers/src/clock/S32K1xx/clock_S32K1xx.o
 .comment       0x000000a0       0xa1 ./SDK/platform/drivers/src/edma/edma_driver.o
 .comment       0x000000a0       0xa1 ./SDK/platform/drivers/src/edma/edma_hw_access.o
 .comment       0x000000a0       0xa1 ./SDK/platform/drivers/src/edma/edma_irq.o
 .comment       0x000000a0       0xa1 ./SDK/platform/drivers/src/interrupt/interrupt_manager.o
 .comment       0x000000a0       0xa1 ./SDK/rtos/osif/osif_baremetal.o
 .comment       0x000000a0       0xa1 ./Sources/HardwareLib/GPIO_init.o
 .comment       0x000000a0       0xa1 ./Sources/HardwareLib/LPSPI.o
 .comment       0x000000a0       0xa1 ./Sources/HardwareLib/LPSPI_oled.o
 .comment       0x000000a0       0xa1 ./Sources/HardwareLib/LPTMR.o
 .comment       0x000000a0       0xa1 ./Sources/HardwareLib/LPUART.o
 .comment       0x000000a0       0xa1 ./Sources/HardwareLib/LP_IT_timer.o
 .comment       0x000000a0       0xa1 ./Sources/HardwareLib/OLED_FONT.o
 .comment       0x000000a0       0xa1 ./Sources/HardwareLib/SPI_OLED.o
 .comment       0x000000a0       0xa1 ./Sources/HardwareLib/UART_IO.o
 .comment       0x000000a0       0xa1 ./Sources/HardwareLib/latency.o
 .comment       0x000000a0       0xa1 ./Sources/main.o

.debug_ranges   0x00000000      0xb60
 .debug_ranges  0x00000000       0x20 ./SDK/platform/devices/S32K144/startup/system_S32K144.o
 .debug_ranges  0x00000020       0x10 ./SDK/platform/devices/startup.o
 .debug_ranges  0x00000030      0x460 ./SDK/platform/drivers/src/clock/S32K1xx/clock_S32K1xx.o
 .debug_ranges  0x00000490      0x210 ./SDK/platform/drivers/src/edma/edma_driver.o
 .debug_ranges  0x000006a0       0x78 ./SDK/platform/drivers/src/edma/edma_hw_access.o
 .debug_ranges  0x00000718       0x98 ./SDK/platform/drivers/src/edma/edma_irq.o
 .debug_ranges  0x000007b0       0x60 ./SDK/platform/drivers/src/interrupt/interrupt_manager.o